[    0.000000] Linux version 5.4.0-90-generic (buildd@lcy01-amd64-026) (gcc version 7.5.0 (Ubuntu 7.5.0-3ubuntu1~18.04)) #101~18.04.1-Ubuntu SMP Fri Oct 22 09:25:04 UTC 2021 (Ubuntu 5.4.0-90.101~18.04.1-generic 5.4.148)
[    0.000000] Command line: BOOT_IMAGE=/boot/vmlinuz-5.4.0-90-generic root=UUID=d46b9be8-6bf9-4b07-acf0-3acae0ebe4e0 ro console=tty1 console=ttyS0
[    0.000000] KERNEL supported cpus:
[    0.000000]   Intel GenuineIntel
[    0.000000]   AMD AuthenticAMD
[    0.000000]   Hygon HygonGenuine
[    0.000000]   Centaur CentaurHauls
[    0.000000]   zhaoxin   Shanghai  
[    0.000000] [Firmware Bug]: TSC doesn't count with P0 frequency!
[    0.000000] x86/fpu: Supporting XSAVE feature 0x001: 'x87 floating point registers'
[    0.000000] x86/fpu: Supporting XSAVE feature 0x002: 'SSE registers'
[    0.000000] x86/fpu: Supporting XSAVE feature 0x004: 'AVX registers'
[    0.000000] x86/fpu: xstate_offset[2]:  576, xstate_sizes[2]:  256
[    0.000000] x86/fpu: Enabled xstate features 0x7, context size is 832 bytes, using 'standard' format.
[    0.000000] BIOS-provided physical RAM map:
[    0.000000] BIOS-e820: [mem 0x0000000000000000-0x000000000009fbff] usable
[    0.000000] BIOS-e820: [mem 0x000000000009fc00-0x000000000009ffff] reserved
[    0.000000] BIOS-e820: [mem 0x00000000000f0000-0x00000000000fffff] reserved
[    0.000000] BIOS-e820: [mem 0x0000000000100000-0x000000003ffeffff] usable
[    0.000000] BIOS-e820: [mem 0x000000003fff0000-0x000000003fffffff] ACPI data
[    0.000000] BIOS-e820: [mem 0x00000000fec00000-0x00000000fec00fff] reserved
[    0.000000] BIOS-e820: [mem 0x00000000fee00000-0x00000000fee00fff] reserved
[    0.000000] BIOS-e820: [mem 0x00000000fffc0000-0x00000000ffffffff] reserved
[    0.000000] NX (Execute Disable) protection: active
[    0.000000] SMBIOS 2.5 present.
[    0.000000] DMI: innotek GmbH VirtualBox/VirtualBox, BIOS VirtualBox 12/01/2006
[    0.000000] Hypervisor detected: KVM
[    0.000000] kvm-clock: Using msrs 4b564d01 and 4b564d00
[    0.000001] kvm-clock: cpu 0, msr c201001, primary cpu clock
[    0.000001] kvm-clock: using sched offset of 4156596490 cycles
[    0.000006] clocksource: kvm-clock: mask: 0xffffffffffffffff max_cycles: 0x1cd42e4dffb, max_idle_ns: 881590591483 ns
[    0.000014] tsc: Detected 2370.550 MHz processor
[    0.003082] last_pfn = 0x3fff0 max_arch_pfn = 0x400000000
[    0.003100] Disabled
[    0.003101] x86/PAT: MTRRs disabled, skipping PAT initialization too.
[    0.003103] CPU MTRRs all blank - virtualized system.
[    0.003105] x86/PAT: Configuration [0-7]: WB  WT  UC- UC  WB  WT  UC- UC  
[    0.003143] found SMP MP-table at [mem 0x0009fff0-0x0009ffff]
[    0.064748] check: Scanning 1 areas for low memory corruption
[    0.064894] RAMDISK: [mem 0x2fd7b000-0x33eb4fff]
[    0.064901] ACPI: Early table checksum verification disabled
[    0.064905] ACPI: RSDP 0x00000000000E0000 000024 (v02 VBOX  )
[    0.064908] ACPI: XSDT 0x000000003FFF0030 00003C (v01 VBOX   VBOXXSDT 00000001 ASL  00000061)
[    0.064913] ACPI: FACP 0x000000003FFF00F0 0000F4 (v04 VBOX   VBOXFACP 00000001 ASL  00000061)
[    0.064917] ACPI: DSDT 0x000000003FFF0470 002325 (v02 VBOX   VBOXBIOS 00000002 INTL 20100528)
[    0.064919] ACPI: FACS 0x000000003FFF0200 000040
[    0.064921] ACPI: FACS 0x000000003FFF0200 000040
[    0.064923] ACPI: APIC 0x000000003FFF0240 00005C (v02 VBOX   VBOXAPIC 00000001 ASL  00000061)
[    0.064925] ACPI: SSDT 0x000000003FFF02A0 0001CC (v01 VBOX   VBOXCPUT 00000002 INTL 20100528)
[    0.064927] ACPI: Reserving FACP table memory at [mem 0x3fff00f0-0x3fff01e3]
[    0.064928] ACPI: Reserving DSDT table memory at [mem 0x3fff0470-0x3fff2794]
[    0.064929] ACPI: Reserving FACS table memory at [mem 0x3fff0200-0x3fff023f]
[    0.064930] ACPI: Reserving FACS table memory at [mem 0x3fff0200-0x3fff023f]
[    0.064930] ACPI: Reserving APIC table memory at [mem 0x3fff0240-0x3fff029b]
[    0.064931] ACPI: Reserving SSDT table memory at [mem 0x3fff02a0-0x3fff046b]
[    0.065118] No NUMA configuration found
[    0.065119] Faking a node at [mem 0x0000000000000000-0x000000003ffeffff]
[    0.065126] NODE_DATA(0) allocated [mem 0x3ffc5000-0x3ffeffff]
[    0.065301] Zone ranges:
[    0.065302]   DMA      [mem 0x0000000000001000-0x0000000000ffffff]
[    0.065303]   DMA32    [mem 0x0000000001000000-0x000000003ffeffff]
[    0.065304]   Normal   empty
[    0.065305]   Device   empty
[    0.065306] Movable zone start for each node
[    0.065308] Early memory node ranges
[    0.065309]   node   0: [mem 0x0000000000001000-0x000000000009efff]
[    0.065310]   node   0: [mem 0x0000000000100000-0x000000003ffeffff]
[    0.065312] Zeroed struct page in unavailable ranges: 114 pages
[    0.065313] Initmem setup node 0 [mem 0x0000000000001000-0x000000003ffeffff]
[    0.068329] ACPI: PM-Timer IO Port: 0x4008
[    0.068397] IOAPIC[0]: apic_id 2, version 32, address 0xfec00000, GSI 0-23
[    0.068400] ACPI: INT_SRC_OVR (bus 0 bus_irq 0 global_irq 2 dfl dfl)
[    0.068402] ACPI: INT_SRC_OVR (bus 0 bus_irq 9 global_irq 9 low level)
[    0.068406] Using ACPI (MADT) for SMP configuration information
[    0.068412] smpboot: Allowing 2 CPUs, 0 hotplug CPUs
[    0.068437] PM: Registered nosave memory: [mem 0x00000000-0x00000fff]
[    0.068438] PM: Registered nosave memory: [mem 0x0009f000-0x0009ffff]
[    0.068439] PM: Registered nosave memory: [mem 0x000a0000-0x000effff]
[    0.068440] PM: Registered nosave memory: [mem 0x000f0000-0x000fffff]
[    0.068442] [mem 0x40000000-0xfebfffff] available for PCI devices
[    0.068444] Booting paravirtualized kernel on KVM
[    0.068448] clocksource: refined-jiffies: mask: 0xffffffff max_cycles: 0xffffffff, max_idle_ns: 7645519600211568 ns
[    0.068454] setup_percpu: NR_CPUS:8192 nr_cpumask_bits:2 nr_cpu_ids:2 nr_node_ids:1
[    0.068842] percpu: Embedded 55 pages/cpu s188416 r8192 d28672 u1048576
[    0.068865] PV qspinlock hash table entries: 256 (order: 0, 4096 bytes, linear)
[    0.068871] Built 1 zonelists, mobility grouping on.  Total pages: 257913
[    0.068872] Policy zone: DMA32
[    0.068874] Kernel command line: BOOT_IMAGE=/boot/vmlinuz-5.4.0-90-generic root=UUID=d46b9be8-6bf9-4b07-acf0-3acae0ebe4e0 ro console=tty1 console=ttyS0
[    0.069070] Dentry cache hash table entries: 131072 (order: 8, 1048576 bytes, linear)
[    0.069172] Inode-cache hash table entries: 65536 (order: 7, 524288 bytes, linear)
[    0.069203] mem auto-init: stack:off, heap alloc:on, heap free:off
[    0.072098] Memory: 929836K/1048120K available (14339K kernel code, 2381K rwdata, 4988K rodata, 2716K init, 5004K bss, 118284K reserved, 0K cma-reserved)
[    0.072113] random: get_random_u64 called from __kmem_cache_create+0x41/0x550 with crng_init=0
[    0.072242] SLUB: HWalign=64, Order=0-3, MinObjects=0, CPUs=2, Nodes=1
[    0.072259] ftrace: allocating 44342 entries in 174 pages
[    0.087884] rcu: Hierarchical RCU implementation.
[    0.087886] rcu: 	RCU restricting CPUs from NR_CPUS=8192 to nr_cpu_ids=2.
[    0.087887] 	Tasks RCU enabled.
[    0.087888] rcu: RCU calculated value of scheduler-enlistment delay is 25 jiffies.
[    0.087889] rcu: Adjusting geometry for rcu_fanout_leaf=16, nr_cpu_ids=2
[    0.089822] NR_IRQS: 524544, nr_irqs: 440, preallocated irqs: 16
[    0.090207] random: crng done (trusting CPU's manufacturer)
[    0.097973] Console: colour VGA+ 80x25
[    0.121705] printk: console [tty1] enabled
[    0.184564] printk: console [ttyS0] enabled
[    0.185199] ACPI: Core revision 20190816
[    0.185990] APIC: Switch to symmetric I/O mode setup
[    0.186898] x2apic enabled
[    0.187543] Switched APIC routing to physical x2apic.
[    0.189173] ..TIMER: vector=0x30 apic1=0 pin1=2 apic2=-1 pin2=-1
[    0.190022] clocksource: tsc-early: mask: 0xffffffffffffffff max_cycles: 0x222b8b1ff26, max_idle_ns: 440795292911 ns
[    0.191471] Calibrating delay loop (skipped) preset value.. 4741.10 BogoMIPS (lpj=9482200)
[    0.192608] pid_max: default: 32768 minimum: 301
[    0.193319] LSM: Security Framework initializing
[    0.193989] Yama: becoming mindful.
[    0.194542] AppArmor: AppArmor initialized
[    0.195173] Mount-cache hash table entries: 2048 (order: 2, 16384 bytes, linear)
[    0.195467] Mountpoint-cache hash table entries: 2048 (order: 2, 16384 bytes, linear)
[    0.195467] *** VALIDATE tmpfs ***
[    0.195467] *** VALIDATE proc ***
[    0.195467] *** VALIDATE cgroup1 ***
[    0.195467] *** VALIDATE cgroup2 ***
[    0.195601] Last level iTLB entries: 4KB 1024, 2MB 1024, 4MB 512
[    0.196364] Last level dTLB entries: 4KB 2048, 2MB 2048, 4MB 1024, 1GB 0
[    0.197203] Spectre V1 : Mitigation: usercopy/swapgs barriers and __user pointer sanitization
[    0.198371] Spectre V2 : Mitigation: Full AMD retpoline
[    0.199010] Spectre V2 : Spectre v2 / SpectreRSB mitigation: Filling RSB on context switch
[    0.199472] Speculative Store Bypass: Mitigation: Speculative Store Bypass disabled via prctl and seccomp
[    0.200847] Freeing SMP alternatives memory: 40K
[    0.324645] APIC calibration not consistent with PM-Timer: 105ms instead of 100ms
[    0.326268] APIC delta adjusted to PM-Timer: 6421657 (6755483)
[    0.327373] smpboot: CPU0: AMD Ryzen 5 4500U with Radeon Graphics (family: 0x17, model: 0x60, stepping: 0x1)
[    0.327467] Performance Events: PMU not available due to virtualization, using software events only.
[    0.327467] rcu: Hierarchical SRCU implementation.
[    0.327467] NMI watchdog: Perf NMI watchdog permanently disabled
[    0.327467] smp: Bringing up secondary CPUs ...
[    0.327564] x86: Booting SMP configuration:
[    0.328138] .... node  #0, CPUs:      #1
[    0.105422] kvm-clock: cpu 1, msr c201041, secondary cpu clock
[    0.331501] smp: Brought up 1 node, 2 CPUs
[    0.332817] smpboot: Max logical packages: 1
[    0.333387] smpboot: Total of 2 processors activated (9482.20 BogoMIPS)
[    0.334305] devtmpfs: initialized
[    0.334305] x86/mm: Memory block size: 128MB
[    0.335615] clocksource: jiffies: mask: 0xffffffff max_cycles: 0xffffffff, max_idle_ns: 7645041785100000 ns
[    0.336615] futex hash table entries: 512 (order: 3, 32768 bytes, linear)
[    0.337448] pinctrl core: initialized pinctrl subsystem
[    0.338159] PM: RTC time: 20:50:21, date: 2021-11-26
[    0.338969] NET: Registered protocol family 16
[    0.339526] audit: initializing netlink subsys (disabled)
[    0.340211] audit: type=2000 audit(1637959827.456:1): state=initialized audit_enabled=0 res=1
[    0.340211] EISA bus registered
[    0.340937] cpuidle: using governor ladder
[    0.341480] cpuidle: using governor menu
[    0.343603] ACPI: bus type PCI registered
[    0.344017] acpiphp: ACPI Hot Plug PCI Controller Driver version: 0.5
[    0.344850] PCI: Using configuration type 1 for base access
[    0.345525] PCI: Using configuration type 1 for extended access
[    0.347508] HugeTLB registered 2.00 MiB page size, pre-allocated 0 pages
[    0.352514] ACPI: Added _OSI(Module Device)
[    0.352514] ACPI: Added _OSI(Processor Device)
[    0.355471] ACPI: Added _OSI(3.0 _SCP Extensions)
[    0.356090] ACPI: Added _OSI(Processor Aggregator Device)
[    0.356843] ACPI: Added _OSI(Linux-Dell-Video)
[    0.357456] ACPI: Added _OSI(Linux-Lenovo-NV-HDMI-Audio)
[    0.358153] ACPI: Added _OSI(Linux-HPI-Hybrid-Graphics)
[    0.358153] ACPI: 2 ACPI AML tables successfully acquired and loaded
[    0.358153] ACPI: Interpreter enabled
[    0.363491] ACPI: (supports S0 S5)
[    0.363987] ACPI: Using IOAPIC for interrupt routing
[    0.364844] PCI: Using host bridge windows from ACPI; if necessary, use "pci=nocrs" and report a bug
[    0.366673] ACPI: Enabled 2 GPEs in block 00 to 07
[    0.371012] ACPI: PCI Root Bridge [PCI0] (domain 0000 [bus 00-ff])
[    0.371473] acpi PNP0A03:00: _OSC: OS supports [ExtendedConfig ASPM ClockPM Segments MSI HPX-Type3]
[    0.373409] acpi PNP0A03:00: _OSC: platform does not support [PCIeCapability LTR]
[    0.374748] acpi PNP0A03:00: _OSC: not requesting control; platform does not support [PCIeCapability]
[    0.375470] acpi PNP0A03:00: _OSC: OS requested [PCIeHotplug SHPCHotplug PME AER PCIeCapability LTR]
[    0.376686] acpi PNP0A03:00: _OSC: platform willing to grant [PCIeHotplug SHPCHotplug PME AER]
[    0.377797] acpi PNP0A03:00: _OSC failed (AE_SUPPORT); disabling ASPM
[    0.377797] PCI host bridge to bus 0000:00
[    0.377797] pci_bus 0000:00: root bus resource [io  0x0000-0x0cf7 window]
[    0.377797] pci_bus 0000:00: root bus resource [io  0x0d00-0xffff window]
[    0.377958] pci_bus 0000:00: root bus resource [mem 0x000a0000-0x000bffff window]
[    0.378916] pci_bus 0000:00: root bus resource [mem 0x40000000-0xfdffffff window]
[    0.379467] pci_bus 0000:00: root bus resource [bus 00-ff]
[    0.383501] pci 0000:00:00.0: [8086:1237] type 00 class 0x060000
[    0.385016] pci 0000:00:01.0: [8086:7000] type 00 class 0x060100
[    0.386282] pci 0000:00:01.1: [8086:7111] type 00 class 0x01018a
[    0.386282] pci 0000:00:01.1: reg 0x20: [io  0xd000-0xd00f]
[    0.386282] pci 0000:00:01.1: legacy IDE quirk: reg 0x10: [io  0x01f0-0x01f7]
[    0.386282] pci 0000:00:01.1: legacy IDE quirk: reg 0x14: [io  0x03f6]
[    0.386282] pci 0000:00:01.1: legacy IDE quirk: reg 0x18: [io  0x0170-0x0177]
[    0.387023] pci 0000:00:01.1: legacy IDE quirk: reg 0x1c: [io  0x0376]
[    0.391882] pci 0000:00:02.0: [80ee:beef] type 00 class 0x030000
[    0.393517] pci 0000:00:02.0: reg 0x10: [mem 0xe0000000-0xe0ffffff pref]
[    0.398656] pci 0000:00:03.0: [8086:100e] type 00 class 0x020000
[    0.400228] pci 0000:00:03.0: reg 0x10: [mem 0xf0000000-0xf001ffff]
[    0.402241] pci 0000:00:03.0: reg 0x18: [io  0xd010-0xd017]
[    0.406355] pci 0000:00:04.0: [80ee:cafe] type 00 class 0x088000
[    0.408175] pci 0000:00:04.0: reg 0x10: [io  0xd020-0xd03f]
[    0.409632] pci 0000:00:04.0: reg 0x14: [mem 0xf0400000-0xf07fffff]
[    0.411087] pci 0000:00:04.0: reg 0x18: [mem 0xf0800000-0xf0803fff pref]
[    0.414085] pci 0000:00:05.0: [8086:2415] type 00 class 0x040100
[    0.415032] pci 0000:00:05.0: reg 0x10: [io  0xd100-0xd1ff]
[    0.415515] pci 0000:00:05.0: reg 0x14: [io  0xd200-0xd23f]
[    0.417090] pci 0000:00:07.0: [8086:7113] type 00 class 0x068000
[    0.418222] pci 0000:00:07.0: quirk: [io  0x4000-0x403f] claimed by PIIX4 ACPI
[    0.419476] pci 0000:00:07.0: quirk: [io  0x4100-0x410f] claimed by PIIX4 SMB
[    0.419729] pci 0000:00:14.0: [1000:0030] type 00 class 0x010000
[    0.421333] pci 0000:00:14.0: reg 0x10: [io  0xd300-0xd3ff]
[    0.422853] pci 0000:00:14.0: reg 0x14: [mem 0xf0820000-0xf083ffff]
[    0.428146] pci 0000:00:14.0: reg 0x18: [mem 0xf0840000-0xf085ffff]
[    0.433575] ACPI: PCI Interrupt Link [LNKA] (IRQs 5 9 10 *11)
[    0.435685] ACPI: PCI Interrupt Link [LNKB] (IRQs 5 9 *10 11)
[    0.436586] ACPI: PCI Interrupt Link [LNKC] (IRQs 5 *9 10 11)
[    0.437443] ACPI: PCI Interrupt Link [LNKD] (IRQs 5 9 10 *11)
[    0.438379] iommu: Default domain type: Translated 
[    0.438379] SCSI subsystem initialized
[    0.439496] pci 0000:00:02.0: vgaarb: setting as boot VGA device
[    0.440336] pci 0000:00:02.0: vgaarb: VGA device added: decodes=io+mem,owns=io+mem,locks=none
[    0.441418] pci 0000:00:02.0: vgaarb: bridge control possible
[    0.442139] vgaarb: loaded
[    0.442558] ACPI: bus type USB registered
[    0.443517] usbcore: registered new interface driver usbfs
[    0.444352] usbcore: registered new interface driver hub
[    0.445033] usbcore: registered new device driver usb
[    0.445694] pps_core: LinuxPPS API ver. 1 registered
[    0.446327] pps_core: Software ver. 5.3.6 - Copyright 2005-2007 Rodolfo Giometti <giometti@linux.it>
[    0.447467] PTP clock support registered
[    0.447509] EDAC MC: Ver: 3.0.0
[    0.448083] PCI: Using ACPI for IRQ routing
[    0.448254] NetLabel: Initializing
[    0.448703] NetLabel:  domain hash size = 128
[    0.449268] NetLabel:  protocols = UNLABELED CIPSOv4 CALIPSO
[    0.449959] NetLabel:  unlabeled traffic allowed by default
[    0.451545] clocksource: Switched to clocksource kvm-clock
[    0.465295] *** VALIDATE bpf ***
[    0.465968] VFS: Disk quotas dquot_6.6.0
[    0.466539] VFS: Dquot-cache hash table entries: 512 (order 0, 4096 bytes)
[    0.467606] *** VALIDATE ramfs ***
[    0.468096] *** VALIDATE hugetlbfs ***
[    0.468694] AppArmor: AppArmor Filesystem Enabled
[    0.469365] pnp: PnP ACPI init
[    0.470574] pnp: PnP ACPI: found 3 devices
[    0.476949] thermal_sys: Registered thermal governor 'fair_share'
[    0.476949] thermal_sys: Registered thermal governor 'bang_bang'
[    0.477751] thermal_sys: Registered thermal governor 'step_wise'
[    0.478628] thermal_sys: Registered thermal governor 'user_space'
[    0.479538] thermal_sys: Registered thermal governor 'power_allocator'
[    0.484959] clocksource: acpi_pm: mask: 0xffffff max_cycles: 0xffffff, max_idle_ns: 2085701024 ns
[    0.487115] pci_bus 0000:00: resource 4 [io  0x0000-0x0cf7 window]
[    0.488039] pci_bus 0000:00: resource 5 [io  0x0d00-0xffff window]
[    0.488911] pci_bus 0000:00: resource 6 [mem 0x000a0000-0x000bffff window]
[    0.489900] pci_bus 0000:00: resource 7 [mem 0x40000000-0xfdffffff window]
[    0.490920] NET: Registered protocol family 2
[    0.491617] IP idents hash table entries: 16384 (order: 5, 131072 bytes, linear)
[    0.492881] tcp_listen_portaddr_hash hash table entries: 512 (order: 1, 8192 bytes, linear)
[    0.494157] TCP established hash table entries: 8192 (order: 4, 65536 bytes, linear)
[    0.495330] TCP bind hash table entries: 8192 (order: 5, 131072 bytes, linear)
[    0.496424] TCP: Hash tables configured (established 8192 bind 8192)
[    0.497364] UDP hash table entries: 512 (order: 2, 16384 bytes, linear)
[    0.498352] UDP-Lite hash table entries: 512 (order: 2, 16384 bytes, linear)
[    0.499416] NET: Registered protocol family 1
[    0.500089] NET: Registered protocol family 44
[    0.500757] pci 0000:00:00.0: Limiting direct PCI/PCI transfers
[    0.501617] pci 0000:00:01.0: Activating ISA DMA hang workarounds
[    0.502598] pci 0000:00:02.0: Video device with shadowed ROM at [mem 0x000c0000-0x000dffff]
[    0.503870] PCI: CLS 0 bytes, default 64
[    0.504551] Trying to unpack rootfs image as initramfs...
[    1.259918] Freeing initrd memory: 66792K
[    1.260769] clocksource: tsc: mask: 0xffffffffffffffff max_cycles: 0x222b8b1ff26, max_idle_ns: 440795292911 ns
[    1.262164] clocksource: Switched to clocksource tsc
[    1.262870] platform rtc_cmos: registered platform RTC device (no PNP device found)
[    1.263920] check: Scanning for low memory corruption every 60 seconds
[    1.265235] Initialise system trusted keyrings
[    1.265872] Key type blacklist registered
[    1.266502] workingset: timestamp_bits=36 max_order=18 bucket_order=0
[    1.268169] zbud: loaded
[    1.268807] squashfs: version 4.0 (2009/01/31) Phillip Lougher
[    1.269869] fuse: init (API version 7.31)
[    1.270621] *** VALIDATE fuse ***
[    1.271203] *** VALIDATE fuse ***
[    1.271851] Platform Keyring initialized
[    1.273508] Key type asymmetric registered
[    1.274655] Asymmetric key parser 'x509' registered
[    1.275618] Block layer SCSI generic (bsg) driver version 0.4 loaded (major 244)
[    1.276649] io scheduler mq-deadline registered
[    1.277381] shpchp: Standard Hot Plug PCI Controller Driver version: 0.4
[    1.278339] ACPI: AC Adapter [AC] (on-line)
[    1.278912] input: Power Button as /devices/LNXSYSTM:00/LNXPWRBN:00/input/input0
[    1.279859] ACPI: Power Button [PWRF]
[    1.280370] input: Sleep Button as /devices/LNXSYSTM:00/LNXSLPBN:00/input/input1
[    1.281276] ACPI: Sleep Button [SLPF]
[    1.281992] Serial: 8250/16550 driver, 32 ports, IRQ sharing enabled
[    1.282467] battery: ACPI: Battery Slot [BAT0] (battery present)
[    1.304168] 00:02: ttyS0 at I/O 0x3f8 (irq = 4, base_baud = 115200) is a 16550A
[    1.308678] Linux agpgart interface v0.103
[    1.852494] loop: module loaded
[    1.854538] scsi host0: ata_piix
[    1.855250] scsi host1: ata_piix
[    1.855786] ata1: PATA max UDMA/33 cmd 0x1f0 ctl 0x3f6 bmdma 0xd000 irq 14
[    1.856631] ata2: PATA max UDMA/33 cmd 0x170 ctl 0x376 bmdma 0xd008 irq 15
[    1.857547] libphy: Fixed MDIO Bus: probed
[    1.858110] tun: Universal TUN/TAP device driver, 1.6
[    1.858889] PPP generic driver version 2.4.2
[    1.859611] VFIO - User Level meta-driver version: 0.3
[    1.860371] ehci_hcd: USB 2.0 'Enhanced' Host Controller (EHCI) Driver
[    1.861174] ehci-pci: EHCI PCI platform driver
[    1.861746] ehci-platform: EHCI generic platform driver
[    1.862398] ohci_hcd: USB 1.1 'Open' Host Controller (OHCI) Driver
[    1.863146] ohci-pci: OHCI PCI platform driver
[    1.863708] ohci-platform: OHCI generic platform driver
[    1.864408] uhci_hcd: USB Universal Host Controller Interface driver
[    1.865683] i8042: PNP: PS/2 Controller [PNP0303:PS2K,PNP0f03:PS2M] at 0x60,0x64 irq 1,12
[    1.867273] serio: i8042 KBD port at 0x60,0x64 irq 1
[    1.867999] serio: i8042 AUX port at 0x60,0x64 irq 12
[    1.868880] mousedev: PS/2 mouse device common for all mice
[    1.869935] input: AT Translated Set 2 keyboard as /devices/platform/i8042/serio0/input/input2
[    1.871595] rtc_cmos rtc_cmos: registered as rtc0
[    1.872301] rtc_cmos rtc_cmos: alarms up to one day, 114 bytes nvram
[    1.873164] i2c /dev entries driver
[    1.873714] device-mapper: uevent: version 1.0.3
[    1.874462] device-mapper: ioctl: 4.41.0-ioctl (2019-09-16) initialised: dm-devel@redhat.com
[    1.875614] platform eisa.0: Probing EISA bus 0
[    1.876231] platform eisa.0: EISA: Cannot allocate resource for mainboard
[    1.877082] platform eisa.0: Cannot allocate resource for EISA slot 1
[    1.878509] platform eisa.0: Cannot allocate resource for EISA slot 2
[    1.879339] platform eisa.0: Cannot allocate resource for EISA slot 3
[    1.880169] platform eisa.0: Cannot allocate resource for EISA slot 4
[    1.881000] platform eisa.0: Cannot allocate resource for EISA slot 5
[    1.881839] platform eisa.0: Cannot allocate resource for EISA slot 6
[    1.882680] platform eisa.0: Cannot allocate resource for EISA slot 7
[    1.883521] platform eisa.0: Cannot allocate resource for EISA slot 8
[    1.884356] platform eisa.0: EISA: Detected 0 cards
[    1.885069] ledtrig-cpu: registered to indicate activity on CPUs
[    1.885898] drop_monitor: Initializing network drop monitor service
[    1.886822] NET: Registered protocol family 10
[    1.890517] Segment Routing with IPv6
[    1.891047] NET: Registered protocol family 17
[    1.891701] Key type dns_resolver registered
[    1.892566] RAS: Correctable Errors collector initialized.
[    1.893233] IPI shorthand broadcast: enabled
[    1.893775] sched_clock: Marking stable (1791100507, 101422325)->(1899736601, -7213769)
[    1.894866] registered taskstats version 1
[    1.895400] Loading compiled-in X.509 certificates
[    1.896581] Loaded X.509 cert 'Build time autogenerated kernel key: f80580535d43d6e70af8167fd0c3c4e0597192a3'
[    1.898478] Loaded X.509 cert 'Canonical Ltd. Live Patch Signing: 14df34d1a87cf37625abec039ef2bf521249b969'
[    1.900033] Loaded X.509 cert 'Canonical Ltd. Kernel Module Signing: 88f752e560a1e0737e31163a466ad7b70a850c19'
[    1.901338] zswap: loaded using pool lzo/zbud
[    1.902122] Key type ._fscrypt registered
[    1.903256] Key type .fscrypt registered
[    1.906588] Key type big_key registered
[    1.908428] Key type encrypted registered
[    1.908997] AppArmor: AppArmor sha1 policy hashing enabled
[    1.909719] ima: No TPM chip found, activating TPM-bypass!
[    1.910450] ima: Allocated hash algorithm: sha1
[    1.911289] ima: No architecture policies found
[    1.911880] evm: Initialising EVM extended attributes:
[    1.912552] evm: security.selinux
[    1.913037] evm: security.SMACK64
[    1.913499] evm: security.SMACK64EXEC
[    1.914005] evm: security.SMACK64TRANSMUTE
[    1.914568] evm: security.SMACK64MMAP
[    1.915098] evm: security.apparmor
[    1.915563] evm: security.ima
[    1.916076] evm: security.capability
[    1.916575] evm: HMAC attrs: 0x1
[    1.917251] PM:   Magic number: 13:894:852
[    1.917932] rtc_cmos rtc_cmos: setting system clock to 2021-11-26T20:50:23 UTC (1637959823)
[    2.039473] Freeing unused decrypted memory: 2040K
[    2.040819] Freeing unused kernel image memory: 2716K
[    2.041524] Write protecting the kernel read-only data: 22528k
[    2.043017] Freeing unused kernel image memory: 2008K
[    2.044068] Freeing unused kernel image memory: 1156K
[    2.051970] x86/mm: Checked W+X mappings: passed, no W+X pages found.
[    2.052871] Run /init as init process
Loading, please wait...
starting version 237
[    2.104257] ACPI: Video Device [GFX0] (multi-head: yes  rom: no  post: no)
[    2.105323] input: Video Bus as /devices/LNXSYSTM:00/LNXSYBUS:00/PNP0A03:00/LNXVIDEO:00/input/input4
[    2.112805] e1000: Intel(R) PRO/1000 Network Driver - version 7.3.21-k8-NAPI
[    2.113815] e1000: Copyright (c) 1999-2006 Intel Corporation.
[    2.118356] Fusion MPT base driver 3.04.20
[    2.119031] Copyright (c) 1999-2008 LSI Corporation
[    2.128764] cryptd: max_cpu_qlen set to 1000
[    2.134625] AVX2 version of gcm_enc/dec engaged.
[    2.135397] AES CTR mode by8 optimization enabled
[    2.136482] piix4_smbus 0000:00:07.0: SMBus Host Controller at 0x4100, revision 0
[    2.139217] Fusion MPT SPI Host driver 3.04.20
[    2.146456] mptbase: ioc0: Initiating bringup
[    2.154728] vboxvideo: loading out-of-tree module taints kernel.
[    2.155544] vboxvideo: module verification failed: signature and/or required key missing - tainting kernel
[    2.160488] vboxvideo: loading version 6.1.28 r147628
[    2.161231] [drm] VRAM 01000000
[    2.164912] [TTM] Zone  kernel: Available graphics memory: 502294 KiB
[    2.166428] [TTM] Initializing pool allocator
[    2.167673] [TTM] Initializing DMA pool allocator
[    2.169833] fbcon: vboxvideodrmfb (fb0) is primary device
[    2.171321] Console: switching to colour frame buffer device 100x37
[    2.173620] vboxvideo 0000:00:02.0: fb0: vboxvideodrmfb frame buffer device
[    2.180226] [drm] Initialized vboxvideo 1.0.0 20130823 for 0000:00:02.0 on minor 0
[    2.240215] ioc0: LSI53C1030 A0: Capabilities={Initiator}
[    2.329841] input: ImExPS/2 Generic Explorer Mouse as /devices/platform/i8042/serio1/input/input5
[    2.604473] e1000 0000:00:03.0 eth0: (PCI:33MHz:32-bit) 02:98:b5:2c:07:4e
[    2.605280] e1000 0000:00:03.0 eth0: Intel(R) PRO/1000 Network Connection
[    2.607119] e1000 0000:00:03.0 enp0s3: renamed from eth0
[    2.614576] scsi host2: ioc0: LSI53C1030 A0, FwRev=00000000h, Ports=1, MaxQ=256, IRQ=20
[    2.788179] scsi 2:0:0:0: Direct-Access     VBOX     HARDDISK         1.0  PQ: 0 ANSI: 5
[    2.804362] scsi target2:0:0: Beginning Domain Validation
[    2.807886] scsi target2:0:0: Domain Validation skipping write tests
[    2.808660] scsi target2:0:0: Ending Domain Validation
[    2.809392] scsi target2:0:0: asynchronous
[    2.810692] scsi 2:0:1:0: Direct-Access     VBOX     HARDDISK         1.0  PQ: 0 ANSI: 5
[    2.838756] scsi target2:0:1: Beginning Domain Validation
[    2.842503] scsi target2:0:1: Domain Validation skipping write tests
[    2.843297] scsi target2:0:1: Ending Domain Validation
[    2.844056] scsi target2:0:1: asynchronous
[    2.848253] sd 2:0:0:0: Attached scsi generic sg0 type 0
[    2.849142] sd 2:0:0:0: [sda] 83886080 512-byte logical blocks: (42.9 GB/40.0 GiB)
[    2.850155] sd 2:0:0:0: [sda] Write Protect is off
[    2.850977] sd 2:0:1:0: Attached scsi generic sg1 type 0
[    2.851179] sd 2:0:1:0: [sdb] 20480 512-byte logical blocks: (10.5 MB/10.0 MiB)
[    2.851827] sd 2:0:0:0: [sda] Incomplete mode parameter data
[    2.852824] sd 2:0:1:0: [sdb] Write Protect is off
[    2.853551] sd 2:0:0:0: [sda] Assuming drive cache: write through
[    2.855195] sd 2:0:1:0: [sdb] Incomplete mode parameter data
[    2.856054] sd 2:0:1:0: [sdb] Assuming drive cache: write through
[    2.891265]  sda: sda1
[    2.905469] sd 2:0:0:0: [sda] Attached SCSI disk
[    2.908792] sd 2:0:1:0: [sdb] Attached SCSI disk
Begin: Loading essential drivers ... [    3.092070] raid6: avx2x4   gen() 33879 MB/s
[    3.139544] raid6: avx2x4   xor() 16528 MB/s
[    3.187477] raid6: avx2x2   gen() 33933 MB/s
[    3.237282] raid6: avx2x2   xor() 22213 MB/s
[    3.284213] raid6: avx2x1   gen() 19115 MB/s
[    3.333035] raid6: avx2x1   xor() 18433 MB/s
[    3.380921] raid6: sse2x4   gen() 18019 MB/s
[    3.429302] raid6: sse2x4   xor()  9977 MB/s
[    3.477183] raid6: sse2x2   gen() 17203 MB/s
[    3.524084] raid6: sse2x2   xor() 10929 MB/s
[    3.571963] raid6: sse2x1   gen()  8088 MB/s
[    3.620822] raid6: sse2x1   xor()  9438 MB/s
[    3.621652] raid6: using algorithm avx2x2 gen() 33933 MB/s
[    3.622634] raid6: .... xor() 22213 MB/s, rmw enabled
[    3.623417] raid6: using avx2x2 recovery algorithm
[    3.625231] xor: automatically using best checksumming function   avx       
[    3.626866] async_tx: api initialized (async)
done.
Begin: Running /scripts/init-premount ... done.
Begin: Mounting root file system ... Begin: Running /scripts/local-top ... done.
Begin: Running /scripts/local-premount ... [    3.663146] Btrfs loaded, crc32c=crc32c-intel
Scanning for Btrfs filesystems
done.
Begin: Will now check root file system ... fsck from util-linux 2.31.1
[/sbin/fsck.ext4 (1) -- /dev/sda1] fsck.ext4 -a -C0 /dev/sda1 
cloudimg-rootfs: clean, 183756/5120000 files, 2335269/10485499 blocks
done.
[    3.709488] EXT4-fs (sda1): mounted filesystem with ordered data mode. Opts: (null)
done.
Begin: Running /scripts/local-bottom ... done.
Begin: Running /scripts/init-bottom ... done.
[    3.895224] systemd[1]: systemd 237 running in system mode. (+PAM +AUDIT +SELINUX +IMA +APPARMOR +SMACK +SYSVINIT +UTMP +LIBCRYPTSETUP +GCRYPT +GNUTLS +ACL +XZ +LZ4 +SECCOMP +BLKID +ELFUTILS +KMOD -IDN2 +IDN -PCRE2 default-hierarchy=hybrid)
[    3.898047] systemd[1]: Detected virtualization oracle.
[    3.898891] systemd[1]: Detected architecture x86-64.

Welcome to [1mUbuntu 18.04.6 LTS[0m!

[    3.936818] systemd[1]: Set hostname to <utn-devops>.
[    3.964200] systemd-fstab-generator[377]: Failed to create unit file /run/systemd/generator/swapdir-swapfile.swap, as it already exists. Duplicate entry in /etc/fstab?
[    4.019097] systemd[369]: /lib/systemd/system-generators/systemd-fstab-generator failed with exit status 1.
[    4.103928] systemd[1]: Created slice User and Session Slice.
[[0;32m  OK  [0m] Created slice User and Session Slice.
[    4.115823] systemd[1]: Reached target System Time Synchronized.
[[0;32m  OK  [0m] Reached target System Time Synchronized.
[    4.118047] systemd[1]: Created slice System Slice.
[[0;32m  OK  [0m] Created slice System Slice.
[    4.119206] systemd[1]: Reached target Slices.
[[0;32m  OK  [0m] Reached target Slices.
[    4.120508] systemd[1]: Created slice system-serial\x2dgetty.slice.
[[0;32m  OK  [0m] Created slice system-serial\x2dgetty.slice.
[[0;32m  OK  [0m] Listening on Journal Socket (/dev/log).
[[0;32m  OK  [0m] Listening on Device-mapper event daemon FIFOs.
[[0;32m  OK  [0m] Listening on /dev/initctl Compatibility Named Pipe.
[[0;32m  OK  [0m] Started Forward Password Requests to Wall Directory Watch.
[[0;32m  OK  [0m] Listening on udev Control Socket.
[[0;32m  OK  [0m] Listening on Journal Audit Socket.
[[0;32m  OK  [0m] Listening on Journal Socket.
         Mounting Kernel Debug File System...
         Mounting POSIX Message Queue File System...
         Starting Set the console keyboard layout...
         Mounting Huge Pages File System...
         Starting Load Kernel Modules...
[[0;32m  OK  [0m] Listening on LVM2 metadata daemon socket.
[    4.162259] Loading iSCSI transport class v2.0-870.
         Starting Monitoring of LVM2 mirrorsâ€¦ng dmeventd or progress polling...
[[0;32m  OK  [0m] Started ntp-systemd-netif.path.
[    4.171434] iscsi: registered transport (tcp)
[[0;32m  OK  [0m] Listening on udev Kernel Socket.
[[0;32m  OK  [0m] Listening on LVM2 poll daemon socket.
[[0;32m  OK  [0m] Set up automount Arbitrary Executabâ€¦rmats File System Automount Point.
[[0;32m  OK  [0m] Reached target User and Group Name Lookups.
[[0;32m  OK  [0m] Listening on fsck to fsckd communication Socket.
         Starting Create list of required stâ€¦ce nodes for the current kernel...
[[0;32m  OK  [0m] Listening on Network Service Netlink Socket.
         Starting Remount Root and Kernel File Systems...
[[0;32m  OK  [0m] Listening on Syslog Socket.
         Starting Journal Service...
         Starting Uncomplicated firewall...
         Starting udev Coldplug all Devices...
[[0;32m  OK  [0m] Mounted Kernel Debug File System.
[[0;32m  OK  [0m] Mounted POSIX Message Queue File System.
[[0;32m  OK  [0m] Mounted Huge Pages File System.
[[0;32m  OK  [0m] Started Create list of required staâ€¦vice nodes for the current kernel.
[    4.204612] EXT4-fs (sda1): re-mounted. Opts: (null)
[[0;32m  OK  [0m] Started Uncomplicated firewall.
         Starting Create Static Device Nodes in /dev...
[[0;32m  OK  [0m] Started LVM2 metadata daemon.
[[0;32m  OK  [0m] Started Remount Root and Kernel File Systems.
         Starting Load/Save Random Seed...
[    4.233111] iscsi: registered transport (iser)
         Activating swap /swapdir/swapfile...
[[0;32m  OK  [0m] Started Journal Service.
[[0;32m  OK  [0m] Started Load Kernel Modules.
[[0;32m  OK  [0m] Started Load/Save Random Seed.
         Mounting FUSE Control File System...
         Mounting Kernel Configuration File System...
         Starting Apply Kernel Variables...
         Starting Flush Journal to Persistent Storage...
[[0;32m  OK  [0m] Started Monitoring of LVM2 mirrors,â€¦sing dmeventd or progress polling.
[[0;32m  OK  [0m] Started Create Static Device Nodes in /dev.
[[0;32m  OK  [0m] Mounted FUSE Control File System.
[[0;32m  OK  [0m] Mounted Kernel Configuration File System.
         Starting udev Kernel Device Manager...
[[0;32m  OK  [0m] Started Apply Kernel Variables.
[[0;32m  OK  [0m] Started udev Coldplug all Devices.
[[0;32m  OK  [0m] Activated swap /swapdir/swapfile.
[[0;32m  OK  [0m] Reached target Swap.
[[0;32m  OK  [0m] Started udev Kernel Device Manager.
[[0;32m  OK  [0m] Started Flush Journal to Persistent Storage.
[[0;32m  OK  [0m] Found device /dev/ttyS0.
[[0;32m  OK  [0m] Listening on Load/Save RF Kill Switch Status /dev/rfkill Watch.
[[0;32m  OK  [0m] Reached target Sound Card.
[[0;32m  OK  [0m] Started Set the console keyboard layout.
[[0;32m  OK  [0m] Reached target Local File Systems (Pre).
         Mounting Mount unit for core18, revision 2253...
         Mounting Mount unit for snapd, revision 14066...
         Mounting Mount unit for core18, revision 2246...
[[0;32m  OK  [0m] Reached target Local File Systems.
         Starting Create Volatile Files and Directories...
         Starting Tell Plymouth To Write Out Runtime Data...
         Starting Set console font and keymap...
         Starting ebtables ruleset management...
         Starting AppArmor initialization...
         Mounting Mount unit for snapd, revision 13640...
[[0;32m  OK  [0m] Started Dispatch Password Requests to Console Directory Watch.
[[0;32m  OK  [0m] Reached target Local Encrypted Volumes.
[[0;32m  OK  [0m] Started Create Volatile Files and Directories.
[[0;32m  OK  [0m] Started Tell Plymouth To Write Out Runtime Data.
[[0;32m  OK  [0m] Started Set console font and keymap.
[[0;32m  OK  [0m] Mounted Mount unit for core18, revision 2253.
[[0;32m  OK  [0m] Mounted Mount unit for snapd, revision 14066.
[[0;32m  OK  [0m] Mounted Mount unit for core18, revision 2246.
         Starting Tell Plymouth To Write Out Runtime Data...
         Starting Network Time Synchronization...
         Starting Update UTMP about System Boot/Shutdown...
[[0;32m  OK  [0m] Started Update UTMP about System Boot/Shutdown.
[[0;32m  OK  [0m] Started Tell Plymouth To Write Out Runtime Data.
[[0;32m  OK  [0m] Started ebtables ruleset management.
[[0;32m  OK  [0m] Mounted Mount unit for snapd, revision 13640.
[[0;32m  OK  [0m] Started Network Time Synchronization.
[[0;32m  OK  [0m] Started AppArmor initialization.
         Starting Load AppArmor profiles managed internally by snapd...
         Starting Initial cloud-init job (pre-networking)...
[[0;32m  OK  [0m] Started Load AppArmor profiles managed internally by snapd.
[    6.019483] cloud-init[710]: Cloud-init v. 21.3-1-g6803368d-0ubuntu1~18.04.4 running 'init-local' at Fri, 26 Nov 2021 20:50:27 +0000. Up 5.86 seconds.
[[0;32m  OK  [0m] Started Initial cloud-init job (pre-networking).
[[0;32m  OK  [0m] Reached target Network (Pre).
         Starting Network Service...
[[0;32m  OK  [0m] Started Network Service.
         Starting Wait for Network to be Configured...
         Starting Network Name Resolution...
[[0;32m  OK  [0m] Started Network Name Resolution.
[[0;32m  OK  [0m] Reached target Host and Network Name Lookups.
[[0;32m  OK  [0m] Reached target Network.
         Starting Tell Plymouth To Write Out Runtime Data...
[[0;32m  OK  [0m] Started Tell Plymouth To Write Out Runtime Data.
         Starting Tell Plymouth To Write Out Runtime Data...
[[0;32m  OK  [0m] Started Wait for Network to be Configured.
[[0;32m  OK  [0m] Started Tell Plymouth To Write Out Runtime Data.
         Starting Initial cloud-init job (metadata service crawler)...
[    7.833912] cloud-init[862]: Cloud-init v. 21.3-1-g6803368d-0ubuntu1~18.04.4 running 'init' at Fri, 26 Nov 2021 20:50:29 +0000. Up 7.69 seconds.
[    7.835989] cloud-init[862]: ci-info: +++++++++++++++++++++++++++++++++++++Net device info++++++++++++++++++++++++++++++++++++++
[    7.850896] cloud-init[862]: ci-info: +--------+------+---------------------------+---------------+--------+-------------------+
[    7.862970] cloud-init[862]: ci-info: | Device |  Up  |          Address          |      Mask     | Scope  |     Hw-Address    |
[    7.864107] cloud-init[862]: ci-info: +--------+------+---------------------------+---------------+--------+-------------------+
[    7.878396] cloud-init[862]: ci-info: | enp0s3 | True |         10.0.2.15         | 255.255.255.0 | global | 02:98:b5:2c:07:4e |
[    7.879238] cloud-init[862]: ci-info: | enp0s3 | True | fe80::98:b5ff:fe2c:74e/64 |       .       |  link  | 02:98:b5:2c:07:4e |
[    7.890470] cloud-init[862]: ci-info: |   lo   | True |         127.0.0.1         |   255.0.0.0   |  host  |         .         |
[    7.902319] cloud-init[862]: ci-info: |   lo   | True |          ::1/128          |       .       |  host  |         .         |
[    7.903190] cloud-init[862]: ci-info: +--------+------+---------------------------+---------------+--------+-------------------+
[    7.903996] cloud-init[862]: ci-info: ++++++++++++++++++++++++++++Route IPv4 info+++++++++++++++++++++++++++++
[    7.904760] cloud-init[862]: ci-info: +-------+-------------+----------+-----------------+-----------+-------+
[    7.905571] cloud-init[862]: ci-info: | Route | Destination | Gateway  |     Genmask     | Interface | Flags |
[    7.919816] cloud-init[862]: ci-info: +-------+-------------+----------+-----------------+-----------+-------+
[    7.920660] cloud-init[862]: ci-info: |   0   |   0.0.0.0   | 10.0.2.2 |     0.0.0.0     |   enp0s3  |   UG  |
[    7.921594] cloud-init[862]: ci-info: |   1   |   10.0.2.0  | 0.0.0.0  |  255.255.255.0  |   enp0s3  |   U   |
[    7.923173] cloud-init[862]: ci-info: |   2   |   10.0.2.2  | 0.0.0.0  | 255.255.255.255 |   enp0s3  |   UH  |
[    7.924911] cloud-init[862]: ci-info: +-------+-------------+----------+-----------------+-----------+-------+
[    7.925679] cloud-init[862]: ci-info: +++++++++++++++++++Route IPv6 info+++++++++++++++++++
[    7.926356] cloud-init[862]: ci-info: +-------+-------------+---------+-----------+-------+
[    7.926991] cloud-init[862]: ci-info: | Route | Destination | Gateway | Interface | Flags |
[    7.927507] cloud-init[862]: ci-info: +-------+-------------+---------+-----------+-------+
[    7.928161] cloud-init[862]: ci-info: |   1   |  fe80::/64  |    ::   |   enp0s3  |   U   |
[    7.928808] cloud-init[862]: ci-info: |   3   |    local    |    ::   |   enp0s3  |   U   |
[    7.929450] cloud-init[862]: ci-info: |   4   |  multicast  |    ::   |   enp0s3  |   U   |
[    7.930083] cloud-init[862]: ci-info: +-------+-------------+---------+-----------+-------+
[[0;32m  OK  [0m] Started Initial cloud-init job (metadata service crawler).
[[0;32m  OK  [0m] Reached target Network is Online.
         Starting Availability of block devices...
[[0;32m  OK  [0m] Reached target Remote File Systems (Pre).
[[0;32m  OK  [0m] Reached target Remote File Systems.
[[0;32m  OK  [0m] Reached target System Initialization.
[[0;32m  OK  [0m] Started Message of the Day.
[[0;32m  OK  [0m] Listening on cloud-init hotplug hook socket.
[[0;32m  OK  [0m] Started Discard unused blocks once a week.
[[0;32m  OK  [0m] Started ACPI Events Check.
         Starting Docker Socket for the API.
[[0;32m  OK  [0m] Started Daily apt download activities.
[[0;32m  OK  [0m] Listening on ACPID Listen Socket.
[[0;32m  OK  [0m] Listening on UUID daemon activation socket.
[[0;32m  OK  [0m] Listening on Open-iSCSI iscsid Socket.
[[0;32m  OK  [0m] Started Daily Cleanup of Temporary Directories.
[[0;32m  OK  [0m] Started Ubuntu Advantage Timer for running repeated jobs.
[[0;32m  OK  [0m] Started Daily apt upgrade and clean activities.
[[0;32m  OK  [0m] Reached target Timers.
[[0;32m  OK  [0m] Listening on D-Bus System Message Bus Socket.
         Starting Socket activation for snappy daemon.
         Starting LXD - unix socket.
[[0;32m  OK  [0m] Started Trigger to poll for Ubuntu â€¦(Only enabled on GCP LTS non-pro).
[[0;32m  OK  [0m] Reached target Paths.
[[0;32m  OK  [0m] Reached target Cloud-config availability.
[[0;32m  OK  [0m] Started Availability of block devices.
[[0;32m  OK  [0m] Listening on Docker Socket for the API.
[[0;32m  OK  [0m] Listening on Socket activation for snappy daemon.
[[0;32m  OK  [0m] Listening on LXD - unix socket.
[[0;32m  OK  [0m] Reached target Sockets.
[[0;32m  OK  [0m] Reached target Basic System.
[[0;32m  OK  [0m] Started D-Bus System Message Bus.
         Starting Permit User Sessions...
[[0;32m  OK  [0m] Started FUSE filesystem for LXC.
         Starting Login Service...
         Starting Thermal Daemon Service...
         Starting Puppet master...
[[0;32m  OK  [0m] Started Deferred execution scheduler.
         Starting LXD - container startup/shutdown...
[[0;32m  OK  [0m] Started Regular background program processing daemon.
         Starting LSB: Record successful boot for GRUB...
         Starting Accounts Service...
         Starting LSB: Start Jenkins at boot time...
         Starting LSB: automatic crash report generation...
         Starting OpenBSD Secure Shell server...
[[0;32m  OK  [0m] Started irqbalance daemon.
         Starting Dispatcher daemon for systemd-networkd...
[[0;32m  OK  [0m] Started ntp-systemd-netif.service.
         Starting System Logging Service...
         Starting vboxadd.service...
         Starting containerd container runtime...
         Starting Snap Daemon...
[[0;32m  OK  [0m] Started System Logging Service.
[[0;32m  OK  [0m] Started Permit User Sessions.
[[0;32m  OK  [0m] Started Thermal Daemon Service.
[[0;32m  OK  [0m] Started Login Service.
[[0;32m  OK  [0m] Started Unattended Upgrades Shutdown.
         Starting Terminate Plymouth Boot Screen...
         Starting Hold until boot process finishes up...
[[0;32m  OK  [0m] Started Hold until boot process finishes up.
         Starting Set console scheme...
[[0;32m  OK  [0m] Started Serial Getty on ttyS0.
[[0;32m  OK  [0m] Started Terminate Plymouth Boot Screen.
[[0;32m  OK  [0m] Started Set console scheme.
[[0;32m  OK  [0m] Created slice system-getty.slice.
[[0;32m  OK  [0m] Started Getty on tty1.
[[0;32m  OK  [0m] Reached target Login Prompts.
[[0;32m  OK  [0m] Started LSB: automatic crash report generation.
[[0;32m  OK  [0m] Started LSB: Record successful boot for GRUB.
         Starting Authorization Manager...
[[0;32m  OK  [0m] Started OpenBSD Secure Shell server.
[[0;32m  OK  [0m] Started Authorization Manager.
[[0;32m  OK  [0m] Started Accounts Service.
[[0;32m  OK  [0m] Started LXD - container startup/shutdown.
[[0;32m  OK  [0m] Started Dispatcher daemon for systemd-networkd.
[[0;32m  OK  [0m] Started containerd container runtime.
         Starting Docker Application Container Engine...
[[0;32m  OK  [0m] Created slice User Slice of jenkins.
         Starting User Manager for UID 113...
[[0;32m  OK  [0m] Started Session c1 of user jenkins.
[[0;32m  OK  [0m] Started User Manager for UID 113.
[[0;32m  OK  [0m] Started Snap Daemon.
         Starting Wait until snapd is fully seeded...
[[0;32m  OK  [0m] Started LSB: Start Jenkins at boot time.
[[0;32m  OK  [0m] Started Wait until snapd is fully seeded.
         Starting Apply the settings specified in cloud-config...
[[0;32m  OK  [0m] Created slice User Slice of vagrant.
         Starting User Manager for UID 1000...
[[0;32m  OK  [0m] Started Session 2 of user vagrant.
[[0;32m  OK  [0m] Started User Manager for UID 1000.
[[0;32m  OK  [0m] Started Docker Application Container Engine.
[   12.290381] cloud-init[1479]: Cloud-init v. 21.3-1-g6803368d-0ubuntu1~18.04.4 running 'modules:config' at Fri, 26 Nov 2021 20:50:33 +0000. Up 12.15 seconds.
[[0;32m  OK  [0m] Started Apply the settings specified in cloud-config.

Ubuntu 18.04.6 LTS utn-devops ttyS0

utn-devops login: [   16.130566] cloud-init[1887]: Cloud-init v. 21.3-1-g6803368d-0ubuntu1~18.04.4 running 'modules:final' at Fri, 26 Nov 2021 20:50:37 +0000. Up 15.99 seconds.
[   16.130699] cloud-init[1887]: Cloud-init v. 21.3-1-g6803368d-0ubuntu1~18.04.4 finished at Fri, 26 Nov 2021 20:50:37 +0000. Datasource DataSourceNoCloud [seed=/dev/sdb][dsmode=net].  Up 16.12 seconds
[   38.391266] systemd-fstab-generator[3452]: Failed to create unit file /run/systemd/generator/swapdir-swapfile.swap, as it already exists. Duplicate entry in /etc/fstab?
[   89.179201] systemd-fstab-generator[4421]: Failed to create unit file /run/systemd/generator/swapdir-swapfile.swap, as it already exists. Duplicate entry in /etc/fstab?
         Stopping User Manager for UID 113...
         Stopping Availability of block devices...
         Stopping User Manager for UID 1000...
[[0;32m  OK  [0m] Stopped target Host and Network Name Lookups.
         Stopping Puppet agent...
[[0;32m  OK  [0m] Stopped target Graphical Interface.
         Stopping Accounts Service...
[[0;32m  OK  [0m] Stopped target Sound Card.
[[0;32m  OK  [0m] Stopped target Cloud-init target.
         Stopping Session 8 of user vagrant.
[[0;32m  OK  [0m] Closed Load/Save RF Kill Switch Status /dev/rfkill Watch.
         Stopping Session c3 of user jenkins.
[[0;32m  OK  [0m] Stopped target Timers.
[[0;32m  OK  [0m] Stopped Discard unused blocks once a week.
[[0;32m  OK  [0m] Stopped Daily Cleanup of Temporary Directories.
[[0;32m  OK  [0m] Stopped Message of the Day.
[[0;32m  OK  [0m] Stopped Daily apt upgrade and clean activities.
[[0;32m  OK  [0m] Stopped Daily apt download activities.
[[0;32m  OK  [0m] Stopped Execute cloud user/final scripts.
[[0;32m  OK  [0m] Stopped target Multi-User System.
         Stopping System Logging Service...
         Stopping OpenBSD Secure Shell server...
         Stopping Dispatcher daemon for systemd-networkd...
         Stopping LSB: automatic crash report generation...
         Stopping LSB: Record successful boot for GRUB...
         Stopping vboxadd.service...
         Stopping Docker Application Container Engine...
[[0;32m  OK  [0m] Stopped target Login Prompts.
         Stopping Serial Getty on ttyS0...
         Stopping Getty on tty1...
         Stopping irqbalance daemon...
         Stopping LSB: Start Jenkins at boot time...
         Stopping LXD - container startup/shutdown...
         Stopping D-Bus System Message Bus...
[[0;32m  OK  [0m] Stopped Apply the settings specified in cloud-config.
[[0;32m  OK  [0m] Stopped target Cloud-config availability.
[[0;32m  OK  [0m] Stopped Wait until snapd is fully seeded.
         Stopping Snap Daemon...
         Stopping FUSE filesystem for LXC...
         Stopping Regular background program processing daemon...
         Stopping Deferred execution scheduler...
[[0;32m  OK  [0m] Stopped Ubuntu Advantage Timer for running repeated jobs.
[[0;32m  OK  [0m] Stopped target System Time Synchronized.
         Stopping Authorization Manager...
         Stopping Puppet master...
[[0;32m  OK  [0m] Unmounted /var/lib/lxcfs.
[[0;32m  OK  [0m] Stopped Deferred execution scheduler.
[[0;32m  OK  [0m] Stopped Regular background program processing daemon.
[[0;32m  OK  [0m] Stopped Accounts Service.
[[0;32m  OK  [0m] Stopped irqbalance daemon.
[[0;32m  OK  [0m] Stopped Dispatcher daemon for systemd-networkd.
[[0;32m  OK  [0m] Stopped System Logging Service.
[[0;32m  OK  [0m] Stopped Serial Getty on ttyS0.
[[0;32m  OK  [0m] Stopped Getty on tty1.
[[0;32m  OK  [0m] Stopped User Manager for UID 113.
[[0;32m  OK  [0m] Stopped User Manager for UID 1000.
[[0;32m  OK  [0m] Stopped Authorization Manager.
[[0;32m  OK  [0m] Stopped D-Bus System Message Bus.
[[0;32m  OK  [0m] Stopped FUSE filesystem for LXC.
[[0;32m  OK  [0m] Removed slice system-getty.slice.
[[0;32m  OK  [0m] Removed slice system-serial\x2dgetty.slice.
[[0;32m  OK  [0m] Stopped OpenBSD Secure Shell server.
[[0;32m  OK  [0m] Stopped LXD - container startup/shutdown.
[[0;32m  OK  [0m] Stopped Session 8 of user vagrant.
[[0;32m  OK  [0m] Removed slice User Slice of vagrant.
[[0;32m  OK  [0m] Stopped Docker Application Container Engine.
         Stopping containerd container runtime...
[[0;32m  OK  [0m] Stopped LSB: Record successful boot for GRUB.
[[0;32m  OK  [0m] Stopped Snap Daemon.
         Unmounting Mount unit for core18, revision 2253...
         Unmounting Mount unit for snapd, revision 14066...
         Unmounting Mount unit for snapd, revision 13640...
         Unmounting Mount unit for core18, revision 2246...
[[0;32m  OK  [0m] Stopped LSB: automatic crash report generation.
[[0;32m  OK  [0m] Stopped containerd container runtime.
[[0;32m  OK  [0m] Unmounted Mount unit for core18, revision 2253.
[[0;32m  OK  [0m] Stopped Availability of block devices.
[[0;32m  OK  [0m] Unmounted Mount unit for core18, revision 2246.
[[0;32m  OK  [0m] Unmounted Mount unit for snapd, revision 14066.
[[0;32m  OK  [0m] Unmounted /run/user/1000.
[[0;32m  OK  [0m] Unmounted Mount unit for snapd, revision 13640.
[[0;32m  OK  [0m] Stopped Session c3 of user jenkins.
[[0;32m  OK  [0m] Removed slice User Slice of jenkins.
         Stopping Permit User Sessions...
         Stopping Login Service...
[[0;32m  OK  [0m] Stopped Puppet master.
[[0;32m  OK  [0m] Stopped Permit User Sessions.
[[0;32m  OK  [0m] Stopped Puppet agent.
[[0;32m  OK  [0m] Stopped Login Service.
[[0;32m  OK  [0m] Stopped target User and Group Name Lookups.
[[0;32m  OK  [0m] Stopped LSB: Start Jenkins at boot time.
[[0;32m  OK  [0m] Stopped target Remote File Systems.
[[0;32m  OK  [0m] Stopped target Remote File Systems (Pre).
[[0;32m  OK  [0m] Stopped target Network is Online.
[[0;32m  OK  [0m] Stopped target Network.
         Stopping Network Name Resolution...
[[0;32m  OK  [0m] Stopped Network Name Resolution.
[[0;32m  OK  [0m] Unmounted /vagrant.
[[0;32m  OK  [0m] Stopped vboxadd.service.
[[0;32m  OK  [0m] Stopped target Basic System.
[[0;32m  OK  [0m] Stopped target Slices.
[[0;32m  OK  [0m] Removed slice User and Session Slice.
[[0;32m  OK  [0m] Stopped target Paths.
[[0;32m  OK  [0m] Stopped Trigger to poll for Ubuntu â€¦(Only enabled on GCP LTS non-pro).
[[0;32m  OK  [0m] Stopped ACPI Events Check.
[[0;32m  OK  [0m] Stopped target Sockets.
[[0;32m  OK  [0m] Closed Syslog Socket.
[[0;32m  OK  [0m] Closed D-Bus System Message Bus Socket.
[[0;32m  OK  [0m] Closed UUID daemon activation socket.
[[0;32m  OK  [0m] Closed ACPID Listen Socket.
[[0;32m  OK  [0m] Closed cloud-init hotplug hook socket.
[[0;32m  OK  [0m] Closed Open-iSCSI iscsid Socket.
[[0;32m  OK  [0m] Closed Socket activation for snappy daemon.
[[0;32m  OK  [0m] Closed Docker Socket for the API.
[[0;32m  OK  [0m] Closed LXD - unix socket.
[[0;32m  OK  [0m] Stopped target System Initialization.
[[0;32m  OK  [0m] Stopped target Local Encrypted Volumes.
[[0;32m  OK  [0m] Stopped Forward Password Requests to Wall Directory Watch.
[[0;32m  OK  [0m] Stopped Dispatch Password Requests to Console Directory Watch.
[[0;32m  OK  [0m] Stopped Initial cloud-init job (metadata service crawler).
[[0;32m  OK  [0m] Stopped Wait for Network to be Configured.
         Stopping Network Service...
         Stopping Network Time Synchronization...
         Stopping Update UTMP about System Boot/Shutdown...
         Stopping Load/Save Random Seed...
[[0;32m  OK  [0m] Stopped Update UTMP about System Boot/Shutdown.
[[0;32m  OK  [0m] Stopped Network Time Synchronization.
[[0;32m  OK  [0m] Stopped Network Service.
[[0;32m  OK  [0m] Stopped Load/Save Random Seed.
[[0;32m  OK  [0m] Stopped target Network (Pre).
[[0;32m  OK  [0m] Stopped Initial cloud-init job (pre-networking).
[[0;32m  OK  [0m] Stopped Apply Kernel Variables.
[[0;32m  OK  [0m] Stopped Load Kernel Modules.
[[0;32m  OK  [0m] Stopped Create Volatile Files and Directories.
[[0;32m  OK  [0m] Stopped target Local File Systems.
         Unmounting /run/user/113...
[[0;32m  OK  [0m] Unmounted /run/user/113.
[[0;32m  OK  [0m] Stopped target Local File Systems (Pre).
[[0;32m  OK  [0m] Stopped Create Static Device Nodes in /dev.
         Stopping Monitoring of LVM2 mirrorsâ€¦ng dmeventd or progress polling...
[[0;32m  OK  [0m] Stopped target Swap.
         Deactivating swap /swapdir/swapfile...
[[0;32m  OK  [0m] Deactivated swap /swapdir/swapfile.
[[0;32m  OK  [0m] Reached target Unmount All Filesystems.
[[0;32m  OK  [0m] Stopped Remount Root and Kernel File Systems.
[[0;32m  OK  [0m] Reached target Shutdown.
[[0;32m  OK  [0m] Reached target Final Step.
         Starting Power-Off...
[[0;32m  OK  [0m] Stopped Monitoring of LVM2 mirrors,â€¦sing dmeventd or progress polling.
         Stopping LVM2 metadata daemon...
[  561.095356] reboot: Power down
