[    0.000000] Linux version 5.4.0-90-generic (buildd@lcy01-amd64-026) (gcc version 7.5.0 (Ubuntu 7.5.0-3ubuntu1~18.04)) #101~18.04.1-Ubuntu SMP Fri Oct 22 09:25:04 UTC 2021 (Ubuntu 5.4.0-90.101~18.04.1-generic 5.4.148)
[    0.000000] Command line: BOOT_IMAGE=/boot/vmlinuz-5.4.0-90-generic root=UUID=d46b9be8-6bf9-4b07-acf0-3acae0ebe4e0 ro console=tty1 console=ttyS0
[    0.000000] KERNEL supported cpus:
[    0.000000]   Intel GenuineIntel
[    0.000000]   AMD AuthenticAMD
[    0.000000]   Hygon HygonGenuine
[    0.000000]   Centaur CentaurHauls
[    0.000000]   zhaoxin   Shanghai  
[    0.000000] [Firmware Bug]: TSC doesn't count with P0 frequency!
[    0.000000] x86/fpu: Supporting XSAVE feature 0x001: 'x87 floating point registers'
[    0.000000] x86/fpu: Supporting XSAVE feature 0x002: 'SSE registers'
[    0.000000] x86/fpu: Supporting XSAVE feature 0x004: 'AVX registers'
[    0.000000] x86/fpu: xstate_offset[2]:  576, xstate_sizes[2]:  256
[    0.000000] x86/fpu: Enabled xstate features 0x7, context size is 832 bytes, using 'standard' format.
[    0.000000] BIOS-provided physical RAM map:
[    0.000000] BIOS-e820: [mem 0x0000000000000000-0x000000000009fbff] usable
[    0.000000] BIOS-e820: [mem 0x000000000009fc00-0x000000000009ffff] reserved
[    0.000000] BIOS-e820: [mem 0x00000000000f0000-0x00000000000fffff] reserved
[    0.000000] BIOS-e820: [mem 0x0000000000100000-0x000000003ffeffff] usable
[    0.000000] BIOS-e820: [mem 0x000000003fff0000-0x000000003fffffff] ACPI data
[    0.000000] BIOS-e820: [mem 0x00000000fec00000-0x00000000fec00fff] reserved
[    0.000000] BIOS-e820: [mem 0x00000000fee00000-0x00000000fee00fff] reserved
[    0.000000] BIOS-e820: [mem 0x00000000fffc0000-0x00000000ffffffff] reserved
[    0.000000] NX (Execute Disable) protection: active
[    0.000000] SMBIOS 2.5 present.
[    0.000000] DMI: innotek GmbH VirtualBox/VirtualBox, BIOS VirtualBox 12/01/2006
[    0.000000] Hypervisor detected: KVM
[    0.000000] kvm-clock: Using msrs 4b564d01 and 4b564d00
[    0.000000] kvm-clock: cpu 0, msr be01001, primary cpu clock
[    0.000000] kvm-clock: using sched offset of 5605525356 cycles
[    0.000004] clocksource: kvm-clock: mask: 0xffffffffffffffff max_cycles: 0x1cd42e4dffb, max_idle_ns: 881590591483 ns
[    0.000009] tsc: Detected 2370.550 MHz processor
[    0.002702] last_pfn = 0x3fff0 max_arch_pfn = 0x400000000
[    0.002723] Disabled
[    0.002725] x86/PAT: MTRRs disabled, skipping PAT initialization too.
[    0.002728] CPU MTRRs all blank - virtualized system.
[    0.002732] x86/PAT: Configuration [0-7]: WB  WT  UC- UC  WB  WT  UC- UC  
[    0.002795] found SMP MP-table at [mem 0x0009fff0-0x0009ffff]
[    0.113680] check: Scanning 1 areas for low memory corruption
[    0.113908] RAMDISK: [mem 0x2fd7b000-0x33eb4fff]
[    0.113918] ACPI: Early table checksum verification disabled
[    0.113924] ACPI: RSDP 0x00000000000E0000 000024 (v02 VBOX  )
[    0.113929] ACPI: XSDT 0x000000003FFF0030 00003C (v01 VBOX   VBOXXSDT 00000001 ASL  00000061)
[    0.113936] ACPI: FACP 0x000000003FFF00F0 0000F4 (v04 VBOX   VBOXFACP 00000001 ASL  00000061)
[    0.113942] ACPI: DSDT 0x000000003FFF0470 002325 (v02 VBOX   VBOXBIOS 00000002 INTL 20100528)
[    0.113946] ACPI: FACS 0x000000003FFF0200 000040
[    0.113949] ACPI: FACS 0x000000003FFF0200 000040
[    0.113951] ACPI: APIC 0x000000003FFF0240 00005C (v02 VBOX   VBOXAPIC 00000001 ASL  00000061)
[    0.113955] ACPI: SSDT 0x000000003FFF02A0 0001CC (v01 VBOX   VBOXCPUT 00000002 INTL 20100528)
[    0.113958] ACPI: Reserving FACP table memory at [mem 0x3fff00f0-0x3fff01e3]
[    0.113960] ACPI: Reserving DSDT table memory at [mem 0x3fff0470-0x3fff2794]
[    0.113961] ACPI: Reserving FACS table memory at [mem 0x3fff0200-0x3fff023f]
[    0.113962] ACPI: Reserving FACS table memory at [mem 0x3fff0200-0x3fff023f]
[    0.113964] ACPI: Reserving APIC table memory at [mem 0x3fff0240-0x3fff029b]
[    0.113965] ACPI: Reserving SSDT table memory at [mem 0x3fff02a0-0x3fff046b]
[    0.114269] No NUMA configuration found
[    0.114271] Faking a node at [mem 0x0000000000000000-0x000000003ffeffff]
[    0.114282] NODE_DATA(0) allocated [mem 0x3ffc5000-0x3ffeffff]
[    0.114535] Zone ranges:
[    0.114537]   DMA      [mem 0x0000000000001000-0x0000000000ffffff]
[    0.114539]   DMA32    [mem 0x0000000001000000-0x000000003ffeffff]
[    0.114540]   Normal   empty
[    0.114541]   Device   empty
[    0.114543] Movable zone start for each node
[    0.114547] Early memory node ranges
[    0.114548]   node   0: [mem 0x0000000000001000-0x000000000009efff]
[    0.114550]   node   0: [mem 0x0000000000100000-0x000000003ffeffff]
[    0.114553] Zeroed struct page in unavailable ranges: 114 pages
[    0.114554] Initmem setup node 0 [mem 0x0000000000001000-0x000000003ffeffff]
[    0.119057] ACPI: PM-Timer IO Port: 0x4008
[    0.119155] IOAPIC[0]: apic_id 2, version 32, address 0xfec00000, GSI 0-23
[    0.119160] ACPI: INT_SRC_OVR (bus 0 bus_irq 0 global_irq 2 dfl dfl)
[    0.119162] ACPI: INT_SRC_OVR (bus 0 bus_irq 9 global_irq 9 low level)
[    0.119168] Using ACPI (MADT) for SMP configuration information
[    0.119177] smpboot: Allowing 2 CPUs, 0 hotplug CPUs
[    0.119209] PM: Registered nosave memory: [mem 0x00000000-0x00000fff]
[    0.119211] PM: Registered nosave memory: [mem 0x0009f000-0x0009ffff]
[    0.119212] PM: Registered nosave memory: [mem 0x000a0000-0x000effff]
[    0.119213] PM: Registered nosave memory: [mem 0x000f0000-0x000fffff]
[    0.119216] [mem 0x40000000-0xfebfffff] available for PCI devices
[    0.119217] Booting paravirtualized kernel on KVM
[    0.119222] clocksource: refined-jiffies: mask: 0xffffffff max_cycles: 0xffffffff, max_idle_ns: 7645519600211568 ns
[    0.119229] setup_percpu: NR_CPUS:8192 nr_cpumask_bits:2 nr_cpu_ids:2 nr_node_ids:1
[    0.119618] percpu: Embedded 55 pages/cpu s188416 r8192 d28672 u1048576
[    0.119655] PV qspinlock hash table entries: 256 (order: 0, 4096 bytes, linear)
[    0.119663] Built 1 zonelists, mobility grouping on.  Total pages: 257913
[    0.119664] Policy zone: DMA32
[    0.119666] Kernel command line: BOOT_IMAGE=/boot/vmlinuz-5.4.0-90-generic root=UUID=d46b9be8-6bf9-4b07-acf0-3acae0ebe4e0 ro console=tty1 console=ttyS0
[    0.119905] Dentry cache hash table entries: 131072 (order: 8, 1048576 bytes, linear)
[    0.120023] Inode-cache hash table entries: 65536 (order: 7, 524288 bytes, linear)
[    0.120068] mem auto-init: stack:off, heap alloc:on, heap free:off
[    0.123664] Memory: 929836K/1048120K available (14339K kernel code, 2381K rwdata, 4988K rodata, 2716K init, 5004K bss, 118284K reserved, 0K cma-reserved)
[    0.123678] random: get_random_u64 called from __kmem_cache_create+0x41/0x550 with crng_init=0
[    0.123858] SLUB: HWalign=64, Order=0-3, MinObjects=0, CPUs=2, Nodes=1
[    0.123891] ftrace: allocating 44342 entries in 174 pages
[    0.146651] rcu: Hierarchical RCU implementation.
[    0.146655] rcu: 	RCU restricting CPUs from NR_CPUS=8192 to nr_cpu_ids=2.
[    0.146656] 	Tasks RCU enabled.
[    0.146658] rcu: RCU calculated value of scheduler-enlistment delay is 25 jiffies.
[    0.146660] rcu: Adjusting geometry for rcu_fanout_leaf=16, nr_cpu_ids=2
[    0.149678] NR_IRQS: 524544, nr_irqs: 440, preallocated irqs: 16
[    0.150203] random: crng done (trusting CPU's manufacturer)
[    0.164911] Console: colour VGA+ 80x25
[    0.206597] printk: console [tty1] enabled
[    0.309780] printk: console [ttyS0] enabled
[    0.310737] ACPI: Core revision 20190816
[    0.311705] APIC: Switch to symmetric I/O mode setup
[    0.313082] x2apic enabled
[    0.314036] Switched APIC routing to physical x2apic.
[    0.316598] ..TIMER: vector=0x30 apic1=0 pin1=2 apic2=-1 pin2=-1
[    0.317851] clocksource: tsc-early: mask: 0xffffffffffffffff max_cycles: 0x222b8b1ff26, max_idle_ns: 440795292911 ns
[    0.320045] Calibrating delay loop (skipped) preset value.. 4741.10 BogoMIPS (lpj=9482200)
[    0.322586] pid_max: default: 32768 minimum: 301
[    0.323621] LSM: Security Framework initializing
[    0.324041] Yama: becoming mindful.
[    0.324078] AppArmor: AppArmor initialized
[    0.328087] Mount-cache hash table entries: 2048 (order: 2, 16384 bytes, linear)
[    0.329595] Mountpoint-cache hash table entries: 2048 (order: 2, 16384 bytes, linear)
[    0.331200] *** VALIDATE tmpfs ***
[    0.332177] *** VALIDATE proc ***
[    0.332967] *** VALIDATE cgroup1 ***
[    0.333737] *** VALIDATE cgroup2 ***
[    0.334645] Last level iTLB entries: 4KB 1024, 2MB 1024, 4MB 512
[    0.336049] Last level dTLB entries: 4KB 2048, 2MB 2048, 4MB 1024, 1GB 0
[    0.337644] Spectre V1 : Mitigation: usercopy/swapgs barriers and __user pointer sanitization
[    0.340047] Spectre V2 : Mitigation: Full AMD retpoline
[    0.341144] Spectre V2 : Spectre v2 / SpectreRSB mitigation: Filling RSB on context switch
[    0.342872] Speculative Store Bypass: Mitigation: Speculative Store Bypass disabled via prctl and seccomp
[    0.344281] Freeing SMP alternatives memory: 40K
[    0.462470] APIC calibration not consistent with PM-Timer: 101ms instead of 100ms
[    0.464041] APIC delta adjusted to PM-Timer: 6328150 (6424411)
[    0.464135] smpboot: CPU0: AMD Ryzen 5 4500U with Radeon Graphics (family: 0x17, model: 0x60, stepping: 0x1)
[    0.466425] Performance Events: PMU not available due to virtualization, using software events only.
[    0.468041] rcu: Hierarchical SRCU implementation.
[    0.468789] NMI watchdog: Perf NMI watchdog permanently disabled
[    0.470513] smp: Bringing up secondary CPUs ...
[    0.472169] x86: Booting SMP configuration:
[    0.473134] .... node  #0, CPUs:      #1
[    0.174042] kvm-clock: cpu 1, msr be01041, secondary cpu clock
[    0.482070] smp: Brought up 1 node, 2 CPUs
[    0.484976] smpboot: Max logical packages: 1
[    0.485886] smpboot: Total of 2 processors activated (9482.20 BogoMIPS)
[    0.487321] devtmpfs: initialized
[    0.487321] x86/mm: Memory block size: 128MB
[    0.488169] clocksource: jiffies: mask: 0xffffffff max_cycles: 0xffffffff, max_idle_ns: 7645041785100000 ns
[    0.488169] futex hash table entries: 512 (order: 3, 32768 bytes, linear)
[    0.489615] pinctrl core: initialized pinctrl subsystem
[    0.492067] PM: RTC time: 22:34:20, date: 2021-11-29
[    0.493381] NET: Registered protocol family 16
[    0.494453] audit: initializing netlink subsys (disabled)
[    0.496090] audit: type=2000 audit(1638225267.607:1): state=initialized audit_enabled=0 res=1
[    0.496257] EISA bus registered
[    0.500798] cpuidle: using governor ladder
[    0.501723] cpuidle: using governor menu
[    0.502890] ACPI: bus type PCI registered
[    0.502890] acpiphp: ACPI Hot Plug PCI Controller Driver version: 0.5
[    0.504180] PCI: Using configuration type 1 for base access
[    0.505366] PCI: Using configuration type 1 for extended access
[    0.508115] HugeTLB registered 2.00 MiB page size, pre-allocated 0 pages
[    0.516213] ACPI: Added _OSI(Module Device)
[    0.517725] ACPI: Added _OSI(Processor Device)
[    0.518719] ACPI: Added _OSI(3.0 _SCP Extensions)
[    0.520058] ACPI: Added _OSI(Processor Aggregator Device)
[    0.521243] ACPI: Added _OSI(Linux-Dell-Video)
[    0.522247] ACPI: Added _OSI(Linux-Lenovo-NV-HDMI-Audio)
[    0.523758] ACPI: Added _OSI(Linux-HPI-Hybrid-Graphics)
[    0.526495] ACPI: 2 ACPI AML tables successfully acquired and loaded
[    0.529982] ACPI: Interpreter enabled
[    0.530883] ACPI: (supports S0 S5)
[    0.532044] ACPI: Using IOAPIC for interrupt routing
[    0.533416] PCI: Using host bridge windows from ACPI; if necessary, use "pci=nocrs" and report a bug
[    0.536041] ACPI: Enabled 2 GPEs in block 00 to 07
[    0.544939] ACPI: PCI Root Bridge [PCI0] (domain 0000 [bus 00-ff])
[    0.546587] acpi PNP0A03:00: _OSC: OS supports [ExtendedConfig ASPM ClockPM Segments MSI HPX-Type3]
[    0.549189] acpi PNP0A03:00: _OSC: platform does not support [PCIeCapability LTR]
[    0.551618] acpi PNP0A03:00: _OSC: not requesting control; platform does not support [PCIeCapability]
[    0.556049] acpi PNP0A03:00: _OSC: OS requested [PCIeHotplug SHPCHotplug PME AER PCIeCapability LTR]
[    0.558042] acpi PNP0A03:00: _OSC: platform willing to grant [PCIeHotplug SHPCHotplug PME AER]
[    0.560046] acpi PNP0A03:00: _OSC failed (AE_SUPPORT); disabling ASPM
[    0.560491] PCI host bridge to bus 0000:00
[    0.561836] pci_bus 0000:00: root bus resource [io  0x0000-0x0cf7 window]
[    0.563968] pci_bus 0000:00: root bus resource [io  0x0d00-0xffff window]
[    0.564047] pci_bus 0000:00: root bus resource [mem 0x000a0000-0x000bffff window]
[    0.565639] pci_bus 0000:00: root bus resource [mem 0x40000000-0xfdffffff window]
[    0.568048] pci_bus 0000:00: root bus resource [bus 00-ff]
[    0.569419] pci 0000:00:00.0: [8086:1237] type 00 class 0x060000
[    0.572977] pci 0000:00:01.0: [8086:7000] type 00 class 0x060100
[    0.575163] pci 0000:00:01.1: [8086:7111] type 00 class 0x01018a
[    0.576464] pci 0000:00:01.1: reg 0x20: [io  0xd000-0xd00f]
[    0.577866] pci 0000:00:01.1: legacy IDE quirk: reg 0x10: [io  0x01f0-0x01f7]
[    0.580043] pci 0000:00:01.1: legacy IDE quirk: reg 0x14: [io  0x03f6]
[    0.581377] pci 0000:00:01.1: legacy IDE quirk: reg 0x18: [io  0x0170-0x0177]
[    0.582832] pci 0000:00:01.1: legacy IDE quirk: reg 0x1c: [io  0x0376]
[    0.584762] pci 0000:00:02.0: [80ee:beef] type 00 class 0x030000
[    0.587302] pci 0000:00:02.0: reg 0x10: [mem 0xe0000000-0xe0ffffff pref]
[    0.595725] pci 0000:00:03.0: [8086:100e] type 00 class 0x020000
[    0.597032] pci 0000:00:03.0: reg 0x10: [mem 0xf0000000-0xf001ffff]
[    0.600872] pci 0000:00:03.0: reg 0x18: [io  0xd010-0xd017]
[    0.606982] pci 0000:00:04.0: [80ee:cafe] type 00 class 0x088000
[    0.608965] pci 0000:00:04.0: reg 0x10: [io  0xd020-0xd03f]
[    0.612194] pci 0000:00:04.0: reg 0x14: [mem 0xf0400000-0xf07fffff]
[    0.614351] pci 0000:00:04.0: reg 0x18: [mem 0xf0800000-0xf0803fff pref]
[    0.619807] pci 0000:00:05.0: [8086:2415] type 00 class 0x040100
[    0.620222] pci 0000:00:05.0: reg 0x10: [io  0xd100-0xd1ff]
[    0.621480] pci 0000:00:05.0: reg 0x14: [io  0xd200-0xd23f]
[    0.625532] pci 0000:00:07.0: [8086:7113] type 00 class 0x068000
[    0.627444] pci 0000:00:07.0: quirk: [io  0x4000-0x403f] claimed by PIIX4 ACPI
[    0.628067] pci 0000:00:07.0: quirk: [io  0x4100-0x410f] claimed by PIIX4 SMB
[    0.632360] pci 0000:00:14.0: [1000:0030] type 00 class 0x010000
[    0.635260] pci 0000:00:14.0: reg 0x10: [io  0xd300-0xd3ff]
[    0.636891] pci 0000:00:14.0: reg 0x14: [mem 0xf0820000-0xf083ffff]
[    0.639045] pci 0000:00:14.0: reg 0x18: [mem 0xf0840000-0xf085ffff]
[    0.648041] ACPI: PCI Interrupt Link [LNKA] (IRQs 5 9 10 *11)
[    0.648487] ACPI: PCI Interrupt Link [LNKB] (IRQs 5 9 *10 11)
[    0.649871] ACPI: PCI Interrupt Link [LNKC] (IRQs 5 *9 10 11)
[    0.652153] ACPI: PCI Interrupt Link [LNKD] (IRQs 5 9 10 *11)
[    0.656104] iommu: Default domain type: Translated 
[    0.657720] SCSI subsystem initialized
[    0.658607] pci 0000:00:02.0: vgaarb: setting as boot VGA device
[    0.658607] pci 0000:00:02.0: vgaarb: VGA device added: decodes=io+mem,owns=io+mem,locks=none
[    0.660054] pci 0000:00:02.0: vgaarb: bridge control possible
[    0.661230] vgaarb: loaded
[    0.661923] ACPI: bus type USB registered
[    0.664057] usbcore: registered new interface driver usbfs
[    0.665651] usbcore: registered new interface driver hub
[    0.666849] usbcore: registered new device driver usb
[    0.668097] pps_core: LinuxPPS API ver. 1 registered
[    0.669320] pps_core: Software ver. 5.3.6 - Copyright 2005-2007 Rodolfo Giometti <giometti@linux.it>
[    0.671257] PTP clock support registered
[    0.672097] EDAC MC: Ver: 3.0.0
[    0.673117] PCI: Using ACPI for IRQ routing
[    0.673463] NetLabel: Initializing
[    0.676045] NetLabel:  domain hash size = 128
[    0.676952] NetLabel:  protocols = UNLABELED CIPSOv4 CALIPSO
[    0.678126] NetLabel:  unlabeled traffic allowed by default
[    0.679270] clocksource: Switched to clocksource kvm-clock
[    0.696232] *** VALIDATE bpf ***
[    0.697122] VFS: Disk quotas dquot_6.6.0
[    0.698011] VFS: Dquot-cache hash table entries: 512 (order 0, 4096 bytes)
[    0.699501] *** VALIDATE ramfs ***
[    0.700281] *** VALIDATE hugetlbfs ***
[    0.701264] AppArmor: AppArmor Filesystem Enabled
[    0.702329] pnp: PnP ACPI init
[    0.704277] pnp: PnP ACPI: found 3 devices
[    0.716077] thermal_sys: Registered thermal governor 'fair_share'
[    0.716078] thermal_sys: Registered thermal governor 'bang_bang'
[    0.717480] thermal_sys: Registered thermal governor 'step_wise'
[    0.718772] thermal_sys: Registered thermal governor 'user_space'
[    0.720097] thermal_sys: Registered thermal governor 'power_allocator'
[    0.726224] clocksource: acpi_pm: mask: 0xffffff max_cycles: 0xffffff, max_idle_ns: 2085701024 ns
[    0.729974] pci_bus 0000:00: resource 4 [io  0x0000-0x0cf7 window]
[    0.731230] pci_bus 0000:00: resource 5 [io  0x0d00-0xffff window]
[    0.732547] pci_bus 0000:00: resource 6 [mem 0x000a0000-0x000bffff window]
[    0.733935] pci_bus 0000:00: resource 7 [mem 0x40000000-0xfdffffff window]
[    0.735590] NET: Registered protocol family 2
[    0.736631] IP idents hash table entries: 16384 (order: 5, 131072 bytes, linear)
[    0.738619] tcp_listen_portaddr_hash hash table entries: 512 (order: 1, 8192 bytes, linear)
[    0.740390] TCP established hash table entries: 8192 (order: 4, 65536 bytes, linear)
[    0.741985] TCP bind hash table entries: 8192 (order: 5, 131072 bytes, linear)
[    0.742580] TCP: Hash tables configured (established 8192 bind 8192)
[    0.742580] UDP hash table entries: 512 (order: 2, 16384 bytes, linear)
[    0.742580] UDP-Lite hash table entries: 512 (order: 2, 16384 bytes, linear)
[    0.742580] NET: Registered protocol family 1
[    0.742580] NET: Registered protocol family 44
[    0.742580] pci 0000:00:00.0: Limiting direct PCI/PCI transfers
[    0.742580] pci 0000:00:01.0: Activating ISA DMA hang workarounds
[    0.742580] pci 0000:00:02.0: Video device with shadowed ROM at [mem 0x000c0000-0x000dffff]
[    0.742580] PCI: CLS 0 bytes, default 64
[    0.742580] Trying to unpack rootfs image as initramfs...
[    2.114757] Freeing initrd memory: 66792K
[    2.115967] clocksource: tsc: mask: 0xffffffffffffffff max_cycles: 0x222b8b1ff26, max_idle_ns: 440795292911 ns
[    2.118264] clocksource: Switched to clocksource tsc
[    2.119533] platform rtc_cmos: registered platform RTC device (no PNP device found)
[    2.121177] check: Scanning for low memory corruption every 60 seconds
[    2.123148] Initialise system trusted keyrings
[    2.124188] Key type blacklist registered
[    2.125208] workingset: timestamp_bits=36 max_order=18 bucket_order=0
[    2.128011] zbud: loaded
[    2.129073] squashfs: version 4.0 (2009/01/31) Phillip Lougher
[    2.130774] fuse: init (API version 7.31)
[    2.131668] *** VALIDATE fuse ***
[    2.132398] *** VALIDATE fuse ***
[    2.133377] Platform Keyring initialized
[    2.136074] Key type asymmetric registered
[    2.137376] Asymmetric key parser 'x509' registered
[    2.138448] Block layer SCSI generic (bsg) driver version 0.4 loaded (major 244)
[    2.140182] io scheduler mq-deadline registered
[    2.142014] shpchp: Standard Hot Plug PCI Controller Driver version: 0.4
[    2.144002] ACPI: AC Adapter [AC] (off-line)
[    2.145073] input: Power Button as /devices/LNXSYSTM:00/LNXPWRBN:00/input/input0
[    2.146726] ACPI: Power Button [PWRF]
[    2.147653] input: Sleep Button as /devices/LNXSYSTM:00/LNXSLPBN:00/input/input1
[    2.149344] ACPI: Sleep Button [SLPF]
[    2.151468] battery: ACPI: Battery Slot [BAT0] (battery present)
[    2.153207] Serial: 8250/16550 driver, 32 ports, IRQ sharing enabled
[    2.175800] 00:02: ttyS0 at I/O 0x3f8 (irq = 4, base_baud = 115200) is a 16550A
[    2.184075] Linux agpgart interface v0.103
[    2.356590] loop: module loaded
[    2.359408] scsi host0: ata_piix
[    2.361706] scsi host1: ata_piix
[    2.363084] ata1: PATA max UDMA/33 cmd 0x1f0 ctl 0x3f6 bmdma 0xd000 irq 14
[    2.366173] ata2: PATA max UDMA/33 cmd 0x170 ctl 0x376 bmdma 0xd008 irq 15
[    2.369435] libphy: Fixed MDIO Bus: probed
[    2.371300] tun: Universal TUN/TAP device driver, 1.6
[    2.373527] PPP generic driver version 2.4.2
[    2.375713] VFIO - User Level meta-driver version: 0.3
[    2.378312] ehci_hcd: USB 2.0 'Enhanced' Host Controller (EHCI) Driver
[    2.380836] ehci-pci: EHCI PCI platform driver
[    2.382552] ehci-platform: EHCI generic platform driver
[    2.384488] ohci_hcd: USB 1.1 'Open' Host Controller (OHCI) Driver
[    2.386888] ohci-pci: OHCI PCI platform driver
[    2.388568] ohci-platform: OHCI generic platform driver
[    2.390479] uhci_hcd: USB Universal Host Controller Interface driver
[    2.392892] i8042: PNP: PS/2 Controller [PNP0303:PS2K,PNP0f03:PS2M] at 0x60,0x64 irq 1,12
[    2.397651] serio: i8042 KBD port at 0x60,0x64 irq 1
[    2.399573] serio: i8042 AUX port at 0x60,0x64 irq 12
[    2.402362] mousedev: PS/2 mouse device common for all mice
[    2.405949] input: AT Translated Set 2 keyboard as /devices/platform/i8042/serio0/input/input2
[    2.408927] rtc_cmos rtc_cmos: registered as rtc0
[    2.412350] rtc_cmos rtc_cmos: alarms up to one day, 114 bytes nvram
[    2.414687] i2c /dev entries driver
[    2.416199] device-mapper: uevent: version 1.0.3
[    2.418369] device-mapper: ioctl: 4.41.0-ioctl (2019-09-16) initialised: dm-devel@redhat.com
[    2.429100] platform eisa.0: Probing EISA bus 0
[    2.430921] platform eisa.0: EISA: Cannot allocate resource for mainboard
[    2.433483] platform eisa.0: Cannot allocate resource for EISA slot 1
[    2.437693] platform eisa.0: Cannot allocate resource for EISA slot 2
[    2.440159] platform eisa.0: Cannot allocate resource for EISA slot 3
[    2.442737] platform eisa.0: Cannot allocate resource for EISA slot 4
[    2.445313] platform eisa.0: Cannot allocate resource for EISA slot 5
[    2.447643] platform eisa.0: Cannot allocate resource for EISA slot 6
[    2.450004] platform eisa.0: Cannot allocate resource for EISA slot 7
[    2.452549] platform eisa.0: Cannot allocate resource for EISA slot 8
[    2.454963] platform eisa.0: EISA: Detected 0 cards
[    2.457064] ledtrig-cpu: registered to indicate activity on CPUs
[    2.459317] drop_monitor: Initializing network drop monitor service
[    2.462348] NET: Registered protocol family 10
[    2.473160] Segment Routing with IPv6
[    2.474734] NET: Registered protocol family 17
[    2.477033] Key type dns_resolver registered
[    2.479317] RAS: Correctable Errors collector initialized.
[    2.481439] IPI shorthand broadcast: enabled
[    2.483092] sched_clock: Marking stable (2311362092, 170042273)->(2490823691, -9419326)
[    2.486450] registered taskstats version 1
[    2.488467] Loading compiled-in X.509 certificates
[    2.492141] Loaded X.509 cert 'Build time autogenerated kernel key: f80580535d43d6e70af8167fd0c3c4e0597192a3'
[    2.497734] Loaded X.509 cert 'Canonical Ltd. Live Patch Signing: 14df34d1a87cf37625abec039ef2bf521249b969'
[    2.502381] Loaded X.509 cert 'Canonical Ltd. Kernel Module Signing: 88f752e560a1e0737e31163a466ad7b70a850c19'
[    2.506115] zswap: loaded using pool lzo/zbud
[    2.508119] Key type ._fscrypt registered
[    2.509670] Key type .fscrypt registered
[    2.519626] Key type big_key registered
[    2.525122] Key type encrypted registered
[    2.526964] AppArmor: AppArmor sha1 policy hashing enabled
[    2.529244] ima: No TPM chip found, activating TPM-bypass!
[    2.531290] ima: Allocated hash algorithm: sha1
[    2.533012] ima: No architecture policies found
[    2.534836] evm: Initialising EVM extended attributes:
[    2.536955] evm: security.selinux
[    2.538393] evm: security.SMACK64
[    2.539794] evm: security.SMACK64EXEC
[    2.541386] evm: security.SMACK64TRANSMUTE
[    2.543146] evm: security.SMACK64MMAP
[    2.544816] evm: security.apparmor
[    2.546209] evm: security.ima
[    2.547521] evm: security.capability
[    2.549043] evm: HMAC attrs: 0x1
[    2.550973] PM:   Magic number: 13:575:604
[    2.557488] rtc_cmos rtc_cmos: setting system clock to 2021-11-29T22:34:22 UTC (1638225262)
[    2.564196] Freeing unused decrypted memory: 2040K
[    2.567077] Freeing unused kernel image memory: 2716K
[    2.580640] Write protecting the kernel read-only data: 22528k
[    2.583963] Freeing unused kernel image memory: 2008K
[    2.586578] Freeing unused kernel image memory: 1156K
[    2.611302] x86/mm: Checked W+X mappings: passed, no W+X pages found.
[    2.613681] Run /init as init process
Loading, please wait...
starting version 237
[    2.732139] ACPI: Video Device [GFX0] (multi-head: yes  rom: no  post: no)
[    2.734072] input: Video Bus as /devices/LNXSYSTM:00/LNXSYBUS:00/PNP0A03:00/LNXVIDEO:00/input/input4
[    2.740780] e1000: Intel(R) PRO/1000 Network Driver - version 7.3.21-k8-NAPI
[    2.742368] e1000: Copyright (c) 1999-2006 Intel Corporation.
[    2.750876] piix4_smbus 0000:00:07.0: SMBus Host Controller at 0x4100, revision 0
[    2.754697] Fusion MPT base driver 3.04.20
[    2.755701] Copyright (c) 1999-2008 LSI Corporation
[    2.763417] Fusion MPT SPI Host driver 3.04.20
[    2.780296] cryptd: max_cpu_qlen set to 1000
[    2.788746] mptbase: ioc0: Initiating bringup
[    2.790796] AVX2 version of gcm_enc/dec engaged.
[    2.791793] AES CTR mode by8 optimization enabled
[    2.799985] vboxvideo: loading out-of-tree module taints kernel.
[    2.807334] vboxvideo: module verification failed: signature and/or required key missing - tainting kernel
[    2.813257] vboxvideo: loading version 6.1.28 r147628
[    2.814679] [drm] VRAM 01000000
[    2.821078] [TTM] Zone  kernel: Available graphics memory: 502294 KiB
[    2.822620] [TTM] Initializing pool allocator
[    2.835321] [TTM] Initializing DMA pool allocator
[    2.855753] fbcon: vboxvideodrmfb (fb0) is primary device
[    2.859239] Console: switching to colour frame buffer device 100x37
[    2.862294] vboxvideo 0000:00:02.0: fb0: vboxvideodrmfb frame buffer device
[    2.900567] ioc0: LSI53C1030 A0: Capabilities={Initiator}
[    2.969096] input: ImExPS/2 Generic Explorer Mouse as /devices/platform/i8042/serio1/input/input5
[    2.972521] [drm] Initialized vboxvideo 1.0.0 20130823 for 0000:00:02.0 on minor 0
[    3.143007] scsi host2: ioc0: LSI53C1030 A0, FwRev=00000000h, Ports=1, MaxQ=256, IRQ=20
[    3.186402] e1000 0000:00:03.0 eth0: (PCI:33MHz:32-bit) 02:98:b5:2c:07:4e
[    3.187672] e1000 0000:00:03.0 eth0: Intel(R) PRO/1000 Network Connection
[    3.190194] e1000 0000:00:03.0 enp0s3: renamed from eth0
[    3.325369] scsi 2:0:0:0: Direct-Access     VBOX     HARDDISK         1.0  PQ: 0 ANSI: 5
[    3.340481] scsi target2:0:0: Beginning Domain Validation
[    3.346635] scsi target2:0:0: Domain Validation skipping write tests
[    3.348665] scsi target2:0:0: Ending Domain Validation
[    3.350560] scsi target2:0:0: asynchronous
[    3.353726] scsi 2:0:1:0: Direct-Access     VBOX     HARDDISK         1.0  PQ: 0 ANSI: 5
[    3.389253] scsi target2:0:1: Beginning Domain Validation
[    3.395591] scsi target2:0:1: Domain Validation skipping write tests
[    3.397780] scsi target2:0:1: Ending Domain Validation
[    3.400259] scsi target2:0:1: asynchronous
[    3.410803] sd 2:0:0:0: Attached scsi generic sg0 type 0
[    3.413373] sd 2:0:0:0: [sda] 83886080 512-byte logical blocks: (42.9 GB/40.0 GiB)
[    3.416396] sd 2:0:0:0: [sda] Write Protect is off
[    3.416796] sd 2:0:1:0: [sdb] 20480 512-byte logical blocks: (10.5 MB/10.0 MiB)
[    3.422316] sd 2:0:1:0: Attached scsi generic sg1 type 0
[    3.423085] sd 2:0:1:0: [sdb] Write Protect is off
[    3.427302] sd 2:0:0:0: [sda] Incomplete mode parameter data
[    3.427497] sd 2:0:1:0: [sdb] Incomplete mode parameter data
[    3.429506] sd 2:0:0:0: [sda] Assuming drive cache: write through
[    3.432156] sd 2:0:1:0: [sdb] Assuming drive cache: write through
[    3.463600]  sda: sda1
[    3.478109] sd 2:0:1:0: [sdb] Attached SCSI disk
[    3.658571] sd 2:0:0:0: [sda] Attached SCSI disk
Begin: Loading essential drivers ... [    4.040312] raid6: avx2x4   gen() 12155 MB/s
[    4.088426] raid6: avx2x4   xor()  8198 MB/s
[    4.136158] raid6: avx2x2   gen() 14304 MB/s
[    4.184063] raid6: avx2x2   xor()  9626 MB/s
[    4.232079] raid6: avx2x1   gen()  8241 MB/s
[    4.280816] raid6: avx2x1   xor()  7442 MB/s
[    4.328595] raid6: sse2x4   gen()  6159 MB/s
[    4.376552] raid6: sse2x4   xor()  3683 MB/s
[    4.424440] raid6: sse2x2   gen()  6378 MB/s
[    4.472275] raid6: sse2x2   xor()  5967 MB/s
[    4.521076] raid6: sse2x1   gen()  4382 MB/s
[    4.568116] raid6: sse2x1   xor()  4372 MB/s
[    4.569320] raid6: using algorithm avx2x2 gen() 14304 MB/s
[    4.570636] raid6: .... xor() 9626 MB/s, rmw enabled
[    4.571857] raid6: using avx2x2 recovery algorithm
[    4.575622] xor: automatically using best checksumming function   avx       
[    4.580211] async_tx: api initialized (async)
done.
Begin: Running /scripts/init-premount ... done.
Begin: Mounting root file system ... Begin: Running /scripts/local-top ... done.
Begin: Running /scripts/local-premount ... [    4.648817] Btrfs loaded, crc32c=crc32c-intel
Scanning for Btrfs filesystems
done.
Begin: Will now check root file system ... fsck from util-linux 2.31.1
[/sbin/fsck.ext4 (1) -- /dev/sda1] fsck.ext4 -a -C0 /dev/sda1 
cloudimg-rootfs: clean, 186106/5120000 files, 2396085/10485499 blocks
done.
[    4.720663] EXT4-fs (sda1): mounted filesystem with ordered data mode. Opts: (null)
done.
Begin: Running /scripts/local-bottom ... done.
Begin: Running /scripts/init-bottom ... done.
[    5.036359] systemd[1]: systemd 237 running in system mode. (+PAM +AUDIT +SELINUX +IMA +APPARMOR +SMACK +SYSVINIT +UTMP +LIBCRYPTSETUP +GCRYPT +GNUTLS +ACL +XZ +LZ4 +SECCOMP +BLKID +ELFUTILS +KMOD -IDN2 +IDN -PCRE2 default-hierarchy=hybrid)
[    5.044514] systemd[1]: Detected virtualization oracle.
[    5.046780] systemd[1]: Detected architecture x86-64.

Welcome to [1mUbuntu 18.04.6 LTS[0m!

[    5.073666] systemd[1]: Set hostname to <utn-devops>.
[    5.111541] systemd-fstab-generator[377]: Failed to create unit file /run/systemd/generator/swapdir-swapfile.swap, as it already exists. Duplicate entry in /etc/fstab?
[    5.139520] systemd[369]: /lib/systemd/system-generators/systemd-fstab-generator failed with exit status 1.
[    5.456747] systemd[1]: Created slice User and Session Slice.
[[0;32m  OK  [0m] Created slice User and Session Slice.
[    5.461102] systemd[1]: Set up automount Arbitrary Executable File Formats File System Automount Point.
[[0;32m  OK  [0m] Set up automount Arbitrary Executabâ€¦rmats File System Automount Point.
[    5.477584] systemd[1]: Started ntp-systemd-netif.path.
[[0;32m  OK  [0m] Started ntp-systemd-netif.path.
[    5.495637] systemd[1]: Reached target System Time Synchronized.
[[0;32m  OK  [0m] Reached target System Time Synchronized.
[    5.499256] systemd[1]: Reached target User and Group Name Lookups.
[[0;32m  OK  [0m] Reached target User and Group Name Lookups.
[[0;32m  OK  [0m] Created slice System Slice.
[[0;32m  OK  [0m] Listening on Journal Socket.
[[0;32m  OK  [0m] Created slice system-serial\x2dgetty.slice.
[[0;32m  OK  [0m] Listening on fsck to fsckd communication Socket.
[[0;32m  OK  [0m] Listening on Journal Socket (/dev/log).
[[0;32m  OK  [0m] Listening on Syslog Socket.
         Starting Create list of required stâ€¦ce nodes for the current kernel...
[[0;32m  OK  [0m] Reached target Slices.
[[0;32m  OK  [0m] Listening on LVM2 poll daemon socket.
         Starting Load Kernel Modules...
[[0;32m  OK  [0m] Listening on Device-mapper event daemon FIFOs.
[[0;32m  OK  [0m] Listening on Journal Audit Socket.
[[0;32m  OK  [0m] Listening on Network Service Netlink Socket.
         Starting Remount Root and Kernel File Systems...
         Mounting Kernel Debug File System...
[    5.542122] EXT4-fs (sda1): re-mounted. Opts: (null)
         Starting Journal Service...
[    5.553865] Loading iSCSI transport class v2.0-870.
[[0;32m  OK  [0m] Listening on udev Control Socket.
[[0;32m  OK  [0m] Listening on /dev/initctl Compatibility Named Pipe.
         Mounting POSIX Message Queue File System...
         Mounting Huge Pages File System...
[    5.572858] iscsi: registered transport (tcp)
[[0;32m  OK  [0m] Listening on udev Kernel Socket.
         Starting udev Coldplug all Devices...
         Starting Uncomplicated firewall...
[[0;32m  OK  [0m] Started Forward Password Requests to Wall Directory Watch.
         Starting Set the console keyboard layout...
[[0;32m  OK  [0m] Listening on LVM2 metadata daemon socket.
         Starting Monitoring of LVM2 mirrorsâ€¦ng dmeventd or progress polling...
[[0;32m  OK  [0m] Started Create list of required staâ€¦vice nodes for the current kernel.
[[0;32m  OK  [0m] Started Remount Root and Kernel File Systems.
[[0;32m  OK  [0m] Mounted Kernel Debug File System.
[[0;32m  OK  [0m] Mounted POSIX Message Queue File System.
[[0;32m  OK  [0m] Mounted Huge Pages File System.
[[0;32m  OK  [0m] Started Uncomplicated firewall.
         Starting Load/Save Random Seed...
         Activating swap /swapdir/swapfile...
         Starting Create Static Device Nodes in /dev...
[[0;32m  OK  [0m] Started Load/Save Random Seed.
[[0;32m  OK  [0m] Started LVM2 metadata daemon.
[    5.685296] iscsi: registered transport (iser)
[[0;32m  OK  [0m] Started Load Kernel Modules.
         Mounting Kernel Configuration File System...
         Starting Apply Kernel Variables...
         Mounting FUSE Control File System...
[[0;32m  OK  [0m] Mounted Kernel Configuration File System.
[[0;32m  OK  [0m] Mounted FUSE Control File System.
[[0;32m  OK  [0m] Started Create Static Device Nodes in /dev.
         Starting udev Kernel Device Manager...
[[0;32m  OK  [0m] Started Journal Service.
         Starting Flush Journal to Persistent Storage...
[[0;32m  OK  [0m] Started Apply Kernel Variables.
[[0;32m  OK  [0m] Started Monitoring of LVM2 mirrors,â€¦sing dmeventd or progress polling.
[[0;32m  OK  [0m] Started udev Kernel Device Manager.
[[0;32m  OK  [0m] Started udev Coldplug all Devices.
[[0;32m  OK  [0m] Activated swap /swapdir/swapfile.
[[0;32m  OK  [0m] Reached target Swap.
[[0;32m  OK  [0m] Started Flush Journal to Persistent Storage.
[[0;32m  OK  [0m] Found device /dev/ttyS0.
[[0;32m  OK  [0m] Listening on Load/Save RF Kill Switch Status /dev/rfkill Watch.
[[0;32m  OK  [0m] Reached target Sound Card.
[[0;32m  OK  [0m] Started Set the console keyboard layout.
[[0;32m  OK  [0m] Started Dispatch Password Requests to Console Directory Watch.
[[0;32m  OK  [0m] Reached target Local Encrypted Volumes.
[[0;32m  OK  [0m] Reached target Local File Systems (Pre).
[[0;32m  OK  [0m] Reached target Local File Systems.
         Starting Tell Plymouth To Write Out Runtime Data...
         Starting AppArmor initialization...
         Starting Create Volatile Files and Directories...
         Starting ebtables ruleset management...
         Starting Set console font and keymap...
         Mounting Mount unit for snapd, revision 13640...
         Mounting Mount unit for core18, revision 2246...
         Mounting Mount unit for snapd, revision 14066...
         Mounting Mount unit for core18, revision 2253...
[[0;32m  OK  [0m] Started Tell Plymouth To Write Out Runtime Data.
[[0;32m  OK  [0m] Started Set console font and keymap.
[[0;32m  OK  [0m] Started Create Volatile Files and Directories.
         Starting Network Time Synchronization...
         Starting Tell Plymouth To Write Out Runtime Data...
         Starting Update UTMP about System Boot/Shutdown...
[[0;32m  OK  [0m] Mounted Mount unit for core18, revision 2253.
[[0;32m  OK  [0m] Mounted Mount unit for snapd, revision 13640.
[[0;32m  OK  [0m] Started Tell Plymouth To Write Out Runtime Data.
[[0;32m  OK  [0m] Mounted Mount unit for core18, revision 2246.
[[0;32m  OK  [0m] Mounted Mount unit for snapd, revision 14066.
[[0;32m  OK  [0m] Started Network Time Synchronization.
[[0;32m  OK  [0m] Started ebtables ruleset management.
[[0;32m  OK  [0m] Started Update UTMP about System Boot/Shutdown.
[[0;32m  OK  [0m] Started AppArmor initialization.
         Starting Initial cloud-init job (pre-networking)...
         Starting Load AppArmor profiles managed internally by snapd...
[[0;32m  OK  [0m] Started Load AppArmor profiles managed internally by snapd.
[    9.105992] cloud-init[710]: Cloud-init v. 21.3-1-g6803368d-0ubuntu1~18.04.4 running 'init-local' at Mon, 29 Nov 2021 22:34:28 +0000. Up 8.85 seconds.
[[0;32m  OK  [0m] Started Initial cloud-init job (pre-networking).
[[0;32m  OK  [0m] Reached target Network (Pre).
         Starting Network Service...
[[0;32m  OK  [0m] Started Network Service.
         Starting Network Name Resolution...
         Starting Wait for Network to be Configured...
         Starting Tell Plymouth To Write Out Runtime Data...
[[0;32m  OK  [0m] Started Tell Plymouth To Write Out Runtime Data.
[[0;32m  OK  [0m] Started Network Name Resolution.
[[0;32m  OK  [0m] Reached target Host and Network Name Lookups.
[[0;32m  OK  [0m] Reached target Network.
         Starting Tell Plymouth To Write Out Runtime Data...
[[0;32m  OK  [0m] Started Wait for Network to be Configured.
         Starting Initial cloud-init job (metadata service crawler)...
[[0;32m  OK  [0m] Started Tell Plymouth To Write Out Runtime Data.
[   11.246586] cloud-init[856]: Cloud-init v. 21.3-1-g6803368d-0ubuntu1~18.04.4 running 'init' at Mon, 29 Nov 2021 22:34:31 +0000. Up 10.99 seconds.
[   11.248267] cloud-init[856]: ci-info: +++++++++++++++++++++++++++++++++++++Net device info++++++++++++++++++++++++++++++++++++++
[   11.259949] cloud-init[856]: ci-info: +--------+------+---------------------------+---------------+--------+-------------------+
[   11.270640] cloud-init[856]: ci-info: | Device |  Up  |          Address          |      Mask     | Scope  |     Hw-Address    |
[   11.272049] cloud-init[856]: ci-info: +--------+------+---------------------------+---------------+--------+-------------------+
[   11.283209] cloud-init[856]: ci-info: | enp0s3 | True |         10.0.2.15         | 255.255.255.0 | global | 02:98:b5:2c:07:4e |
[   11.284857] cloud-init[856]: ci-info: | enp0s3 | True | fe80::98:b5ff:fe2c:74e/64 |       .       |  link  | 02:98:b5:2c:07:4e |
[   11.286668] cloud-init[856]: ci-info: |   lo   | True |         127.0.0.1         |   255.0.0.0   |  host  |         .         |
[   11.288300] cloud-init[856]: ci-info: |   lo   | True |          ::1/128          |       .       |  host  |         .         |
[   11.289843] cloud-init[856]: ci-info: +--------+------+---------------------------+---------------+--------+-------------------+
[   11.295173] cloud-init[856]: ci-info: ++++++++++++++++++++++++++++Route IPv4 info+++++++++++++++++++++++++++++
[   11.296365] cloud-init[856]: ci-info: +-------+-------------+----------+-----------------+-----------+-------+
[   11.297507] cloud-init[856]: ci-info: | Route | Destination | Gateway  |     Genmask     | Interface | Flags |
[   11.298704] cloud-init[856]: ci-info: +-------+-------------+----------+-----------------+-----------+-------+
[   11.311254] cloud-init[856]: ci-info: |   0   |   0.0.0.0   | 10.0.2.2 |     0.0.0.0     |   enp0s3  |   UG  |
[   11.312523] cloud-init[856]: ci-info: |   1   |   10.0.2.0  | 0.0.0.0  |  255.255.255.0  |   enp0s3  |   U   |
[   11.313780] cloud-init[856]: ci-info: |   2   |   10.0.2.2  | 0.0.0.0  | 255.255.255.255 |   enp0s3  |   UH  |
[   11.315039] cloud-init[856]: ci-info: +-------+-------------+----------+-----------------+-----------+-------+
[   11.316487] cloud-init[856]: ci-info: +++++++++++++++++++Route IPv6 info+++++++++++++++++++
[   11.317690] cloud-init[856]: ci-info: +-------+-------------+---------+-----------+-------+
[   11.318892] cloud-init[856]: ci-info: | Route | Destination | Gateway | Interface | Flags |
[   11.319844] cloud-init[856]: ci-info: +-------+-------------+---------+-----------+-------+
[   11.320801] cloud-init[856]: ci-info: |   1   |  fe80::/64  |    ::   |   enp0s3  |   U   |
[   11.321830] cloud-init[856]: ci-info: |   3   |    local    |    ::   |   enp0s3  |   U   |
[   11.334654] cloud-init[856]: ci-info: |   4   |  multicast  |    ::   |   enp0s3  |   U   |
[   11.335617] cloud-init[856]: ci-info: +-------+-------------+---------+-----------+-------+
[[0;32m  OK  [0m] Started Initial cloud-init job (metadata service crawler).
[[0;32m  OK  [0m] Reached target System Initialization.
         Starting LXD - unix socket.
[[0;32m  OK  [0m] Listening on Open-iSCSI iscsid Socket.
[[0;32m  OK  [0m] Started Daily Cleanup of Temporary Directories.
         Starting Socket activation for snappy daemon.
[[0;32m  OK  [0m] Listening on D-Bus System Message Bus Socket.
[[0;32m  OK  [0m] Listening on UUID daemon activation socket.
[[0;32m  OK  [0m] Started Daily apt download activities.
[[0;32m  OK  [0m] Started Daily apt upgrade and clean activities.
[[0;32m  OK  [0m] Started Ubuntu Advantage Timer for running repeated jobs.
[[0;32m  OK  [0m] Started Discard unused blocks once a week.
[[0;32m  OK  [0m] Listening on ACPID Listen Socket.
         Starting Docker Socket for the API.
[[0;32m  OK  [0m] Started ACPI Events Check.
[[0;32m  OK  [0m] Started Message of the Day.
[[0;32m  OK  [0m] Reached target Timers.
[[0;32m  OK  [0m] Listening on cloud-init hotplug hook socket.
[[0;32m  OK  [0m] Started Trigger to poll for Ubuntu â€¦(Only enabled on GCP LTS non-pro).
[[0;32m  OK  [0m] Reached target Paths.
[[0;32m  OK  [0m] Reached target Network is Online.
[[0;32m  OK  [0m] Reached target Remote File Systems (Pre).
[[0;32m  OK  [0m] Reached target Remote File Systems.
         Starting Availability of block devices...
[[0;32m  OK  [0m] Reached target Cloud-config availability.
[[0;32m  OK  [0m] Listening on LXD - unix socket.
[[0;32m  OK  [0m] Listening on Socket activation for snappy daemon.
[[0;32m  OK  [0m] Listening on Docker Socket for the API.
[[0;32m  OK  [0m] Started Availability of block devices.
[[0;32m  OK  [0m] Reached target Sockets.
[[0;32m  OK  [0m] Reached target Basic System.
         Starting Login Service...
         Starting Permit User Sessions...
         Starting System Logging Service...
         Starting containerd container runtime...
         Starting Dispatcher daemon for systemd-networkd...
[[0;32m  OK  [0m] Started FUSE filesystem for LXC.
[[0;32m  OK  [0m] Started ntp-systemd-netif.service.
         Starting LSB: Start Jenkins at boot time...
[[0;32m  OK  [0m] Started irqbalance daemon.
[[0;32m  OK  [0m] Started Regular background program processing daemon.
         Starting LSB: automatic crash report generation...
         Starting vboxadd.service...
         Starting Snap Daemon...
[[0;32m  OK  [0m] Started D-Bus System Message Bus.
[[0;32m  OK  [0m] Started Login Service.
[[0;32m  OK  [0m] Started Unattended Upgrades Shutdown.
         Starting LSB: Record successful boot for GRUB...
[[0;32m  OK  [0m] Started Deferred execution scheduler.
         Starting OpenBSD Secure Shell server...
         Starting Thermal Daemon Service...
         Starting Puppet master...
         Starting LXD - container startup/shutdown...
         Starting Accounts Service...
[[0;32m  OK  [0m] Started System Logging Service.
[[0;32m  OK  [0m] Started Permit User Sessions.
         Starting Hold until boot process finishes up...
         Starting Terminate Plymouth Boot Screen...
[[0;32m  OK  [0m] Started Hold until boot process finishes up.
         Starting Set console scheme...
[[0;32m  OK  [0m] Started Serial Getty on ttyS0.
[[0;32m  OK  [0m] Started Terminate Plymouth Boot Screen.
[[0;32m  OK  [0m] Started Set console scheme.
[[0;32m  OK  [0m] Started Thermal Daemon Service.
[[0;32m  OK  [0m] Created slice system-getty.slice.
[[0;32m  OK  [0m] Started Getty on tty1.
[[0;32m  OK  [0m] Reached target Login Prompts.
[[0;32m  OK  [0m] Started LSB: automatic crash report generation.
[[0;32m  OK  [0m] Started LSB: Record successful boot for GRUB.
[[0;32m  OK  [0m] Started OpenBSD Secure Shell server.
         Starting Authorization Manager...
[[0;32m  OK  [0m] Started Authorization Manager.
[[0;32m  OK  [0m] Started Accounts Service.
[[0;32m  OK  [0m] Created slice User Slice of vagrant.
         Starting User Manager for UID 1000...
[[0;32m  OK  [0m] Started Session 1 of user vagrant.
[[0;32m  OK  [0m] Started LXD - container startup/shutdown.
[[0;32m  OK  [0m] Started User Manager for UID 1000.
[[0;32m  OK  [0m] Started Dispatcher daemon for systemd-networkd.
[[0;32m  OK  [0m] Started containerd container runtime.
         Starting Docker Application Container Engine...
[[0;32m  OK  [0m] Created slice User Slice of jenkins.
         Starting User Manager for UID 113...
[[0;32m  OK  [0m] Started Session c1 of user jenkins.
[[0;32m  OK  [0m] Started User Manager for UID 113.
[[0;32m  OK  [0m] Started LSB: Start Jenkins at boot time.
[[0;32m  OK  [0m] Started Snap Daemon.
         Starting Wait until snapd is fully seeded...

Ubuntu 18.04.6 LTS utn-devops ttyS0

utn-devops login: [   18.284724] cloud-init[1697]: Cloud-init v. 21.3-1-g6803368d-0ubuntu1~18.04.4 running 'modules:config' at Mon, 29 Nov 2021 22:34:38 +0000. Up 18.08 seconds.
[   24.434099] cloud-init[2198]: Cloud-init v. 21.3-1-g6803368d-0ubuntu1~18.04.4 running 'modules:final' at Mon, 29 Nov 2021 22:34:44 +0000. Up 24.23 seconds.
[   24.434277] cloud-init[2198]: Cloud-init v. 21.3-1-g6803368d-0ubuntu1~18.04.4 finished at Mon, 29 Nov 2021 22:34:44 +0000. Datasource DataSourceNoCloud [seed=/dev/sdb][dsmode=net].  Up 24.41 seconds
[   66.530958] systemd-fstab-generator[2989]: Failed to create unit file /run/systemd/generator/swapdir-swapfile.swap, as it already exists. Duplicate entry in /etc/fstab?
[  250.395436] systemd-fstab-generator[5146]: Failed to create unit file /run/systemd/generator/swapdir-swapfile.swap, as it already exists. Duplicate entry in /etc/fstab?
[  250.723077] systemd-fstab-generator[5176]: Failed to create unit file /run/systemd/generator/swapdir-swapfile.swap, as it already exists. Duplicate entry in /etc/fstab?
[  251.002487] systemd-fstab-generator[5205]: Failed to create unit file /run/systemd/generator/swapdir-swapfile.swap, as it already exists. Duplicate entry in /etc/fstab?
[  261.234120] systemd-fstab-generator[9774]: Failed to create unit file /run/systemd/generator/swapdir-swapfile.swap, as it already exists. Duplicate entry in /etc/fstab?
[  261.696139] systemd-fstab-generator[9803]: Failed to create unit file /run/systemd/generator/swapdir-swapfile.swap, as it already exists. Duplicate entry in /etc/fstab?
[  261.923081] systemd-fstab-generator[9837]: Failed to create unit file /run/systemd/generator/swapdir-swapfile.swap, as it already exists. Duplicate entry in /etc/fstab?
[  262.183541] systemd-fstab-generator[9865]: Failed to create unit file /run/systemd/generator/swapdir-swapfile.swap, as it already exists. Duplicate entry in /etc/fstab?
[  262.505821] systemd-fstab-generator[9971]: Failed to create unit file /run/systemd/generator/swapdir-swapfile.swap, as it already exists. Duplicate entry in /etc/fstab?
[  262.884926] systemd-fstab-generator[10001]: Failed to create unit file /run/systemd/generator/swapdir-swapfile.swap, as it already exists. Duplicate entry in /etc/fstab?
[  263.285889] systemd-fstab-generator[10027]: Failed to create unit file /run/systemd/generator/swapdir-swapfile.swap, as it already exists. Duplicate entry in /etc/fstab?
[  265.851163] systemd-fstab-generator[11583]: Failed to create unit file /run/systemd/generator/swapdir-swapfile.swap, as it already exists. Duplicate entry in /etc/fstab?
[  266.446397] systemd-fstab-generator[11677]: Failed to create unit file /run/systemd/generator/swapdir-swapfile.swap, as it already exists. Duplicate entry in /etc/fstab?
[  266.835659] systemd-fstab-generator[11750]: Failed to create unit file /run/systemd/generator/swapdir-swapfile.swap, as it already exists. Duplicate entry in /etc/fstab?
[[0;32m  OK  [0m] Stopped Unattended Upgrades Shutdown.
[[0;32m  OK  [0m] Stopped target Graphical Interface.
         Stopping Availability of block devices...
         Stopping Session 11 of user vagrant.
[[0;32m  OK  [0m] Stopped target Timers.
[[0;32m  OK  [0m] Stopped Message of the Day.
         Stopping User Manager for UID 1000...
         Stopping Puppet agent...
[[0;32m  OK  [0m] Stopped Clean PHP session files every 30 mins.
[[0;32m  OK  [0m] Stopped target Cloud-init target.
[[0;32m  OK  [0m] Stopped Execute cloud user/final scripts.
[[0;32m  OK  [0m] Stopped Apply the settings specified in cloud-config.
[[0;32m  OK  [0m] Stopped target Cloud-config availability.
[[0;32m  OK  [0m] Stopped target Multi-User System.
         Stopping The Apache HTTP Server...
         Stopping Deferred execution scheduler...
         Stopping Puppet master...
         Stopping LXD - container startup/shutdown...
         Stopping OpenBSD Secure Shell server...
         Stopping vboxadd.service...
         Stopping Docker Application Container Engine...
         Stopping irqbalance daemon...
         Stopping LSB: Record successful boot for GRUB...
         Stopping Dispatcher daemon for systemd-networkd...
         Stopping Regular background program processing daemon...
         Stopping System Logging Service...
         Stopping LSB: Start Jenkins at boot time...
         Stopping D-Bus System Message Bus...
[[0;32m  OK  [0m] Stopped target Login Prompts.
[[0;32m  OK  [0m] Stopped Wait until snapd is fully seeded.
         Stopping Snap Daemon...
[[0;32m  OK  [0m] Stopped target Sound Card.
         Stopping Session c3 of user jenkins.
[[0;32m  OK  [0m] Stopped Daily Cleanup of Temporary Directories.
[[0;32m  OK  [0m] Stopped Ubuntu Advantage Timer for running repeated jobs.
         Stopping LSB: automatic crash report generation...
         Stopping User Manager for UID 113...
[[0;32m  OK  [0m] Closed Load/Save RF Kill Switch Status /dev/rfkill Watch.
         Stopping Serial Getty on ttyS0...
[[0;32m  OK  [0m] Stopped Daily apt upgrade and clean activities.
[[0;32m  OK  [0m] Stopped Daily apt download activities.
         Stopping Accounts Service...
         Stopping Getty on tty1...
         Stopping FUSE filesystem for LXC...
         Stopping Authorization Manager...
[[0;32m  OK  [0m] Stopped Discard unused blocks once a week.
[[0;32m  OK  [0m] Stopped target System Time Synchronized.
[[0;32m  OK  [0m] Stopped Dispatcher daemon for systemd-networkd.
[[0;32m  OK  [0m] Stopped Regular background program processing daemon.
[[0;32m  OK  [0m] Stopped Deferred execution scheduler.
[[0;32m  OK  [0m] Stopped Serial Getty on ttyS0.
[[0;32m  OK  [0m] Stopped Getty on tty1.
[[0;32m  OK  [0m] Stopped Authorization Manager.
[[0;32m  OK  [0m] Stopped User Manager for UID 1000.
[[0;32m  OK  [0m] Stopped D-Bus System Message Bus.
[[0;32m  OK  [0m] Stopped Session 11 of user vagrant.
[[0;32m  OK  [0m] Unmounted /var/lib/lxcfs.
[[0;32m  OK  [0m] Removed slice User Slice of vagrant.
[[0;32m  OK  [0m] Removed slice system-getty.slice.
[[0;32m  OK  [0m] Removed slice system-serial\x2dgetty.slice.
[[0;32m  OK  [0m] Stopped LXD - container startup/shutdown.
[[0;32m  OK  [0m] Stopped Availability of block devices.
[[0;32m  OK  [0m] Stopped FUSE filesystem for LXC.
[[0;32m  OK  [0m] Stopped irqbalance daemon.
[[0;32m  OK  [0m] Stopped Accounts Service.
[[0;32m  OK  [0m] Unmounted /run/user/1000.
[[0;32m  OK  [0m] Stopped OpenBSD Secure Shell server.
[[0;32m  OK  [0m] Stopped LSB: automatic crash report generation.
[[0;32m  OK  [0m] Stopped User Manager for UID 113.
[[0;32m  OK  [0m] Stopped LSB: Record successful boot for GRUB.
[[0;32m  OK  [0m] Stopped System Logging Service.
[[0;32m  OK  [0m] Stopped Docker Application Container Engine.
         Stopping containerd container runtime...
[[0;32m  OK  [0m] Stopped Session c3 of user jenkins.
[[0;32m  OK  [0m] Removed slice User Slice of jenkins.
         Stopping Login Service...
         Stopping Permit User Sessions...
[[0;32m  OK  [0m] Stopped Permit User Sessions.
[[0;32m  OK  [0m] Stopped Login Service.
[[0;32m  OK  [0m] Stopped target User and Group Name Lookups.
[[0;32m  OK  [0m] Stopped containerd container runtime.
[[0;32m  OK  [0m] Stopped Puppet master.
[[0;32m  OK  [0m] Stopped Puppet agent.
[[0;32m  OK  [0m] Stopped Snap Daemon.
         Unmounting Mount unit for core18, revision 2253...
         Unmounting Mount unit for snapd, revision 14066...
         Unmounting Mount unit for core18, revision 2246...
         Unmounting Mount unit for snapd, revision 13640...
[[0;32m  OK  [0m] Unmounted Mount unit for snapd, revision 13640.
[[0;32m  OK  [0m] Unmounted Mount unit for snapd, revision 14066.
[[0;32m  OK  [0m] Unmounted Mount unit for core18, revision 2246.
[[0;32m  OK  [0m] Unmounted Mount unit for core18, revision 2253.
[[0;32m  OK  [0m] Stopped LSB: Start Jenkins at boot time.
[[0;32m  OK  [0m] Stopped target Network is Online.
[[0;32m  OK  [0m] Stopped The Apache HTTP Server.
[[0;32m  OK  [0m] Stopped target Host and Network Name Lookups.
[[0;32m  OK  [0m] Stopped target Network.
         Stopping Network Name Resolution...
[[0;32m  OK  [0m] Stopped target Remote File Systems.
[[0;32m  OK  [0m] Stopped target Remote File Systems (Pre).
[[0;32m  OK  [0m] Stopped Network Name Resolution.
[[0;32m  OK  [0m] Unmounted /vagrant.
[[0;32m  OK  [0m] Stopped vboxadd.service.
[[0;32m  OK  [0m] Stopped target Basic System.
[[0;32m  OK  [0m] Stopped target Slices.
[[0;32m  OK  [0m] Removed slice User and Session Slice.
[[0;32m  OK  [0m] Stopped target Sockets.
[[0;32m  OK  [0m] Closed Docker Socket for the API.
[[0;32m  OK  [0m] Closed UUID daemon activation socket.
[[0;32m  OK  [0m] Closed Socket activation for snappy daemon.
[[0;32m  OK  [0m] Closed ACPID Listen Socket.
[[0;32m  OK  [0m] Closed D-Bus System Message Bus Socket.
[[0;32m  OK  [0m] Closed cloud-init hotplug hook socket.
[[0;32m  OK  [0m] Closed Open-iSCSI iscsid Socket.
[[0;32m  OK  [0m] Closed LXD - unix socket.
[[0;32m  OK  [0m] Closed Syslog Socket.
[[0;32m  OK  [0m] Stopped target Paths.
[[0;32m  OK  [0m] Stopped Trigger to poll for Ubuntu â€¦(Only enabled on GCP LTS non-pro).
[[0;32m  OK  [0m] Stopped ACPI Events Check.
[[0;32m  OK  [0m] Stopped target System Initialization.
         Stopping Update UTMP about System Boot/Shutdown...
[[0;32m  OK  [0m] Stopped Initial cloud-init job (metadata service crawler).
[[0;32m  OK  [0m] Stopped Wait for Network to be Configured.
         Stopping Network Service...
[[0;32m  OK  [0m] Stopped target Local Encrypted Volumes.
         Stopping Network Time Synchronization...
         Stopping Load/Save Random Seed...
[[0;32m  OK  [0m] Stopped Forward Password Requests to Wall Directory Watch.
[[0;32m  OK  [0m] Stopped Dispatch Password Requests to Console Directory Watch.
[[0;32m  OK  [0m] Stopped Load/Save Random Seed.
[[0;32m  OK  [0m] Stopped Update UTMP about System Boot/Shutdown.
[[0;32m  OK  [0m] Stopped Network Time Synchronization.
[[0;32m  OK  [0m] Stopped Create Volatile Files and Directories.
[[0;32m  OK  [0m] Stopped target Local File Systems.
         Unmounting /run/user/113...
[[0;32m  OK  [0m] Unmounted /run/user/113.
[[0;32m  OK  [0m] Stopped target Local File Systems (Pre).
[[0;32m  OK  [0m] Stopped Create Static Device Nodes in /dev.
         Stopping Monitoring of LVM2 mirrorsâ€¦ng dmeventd or progress polling...
[[0;32m  OK  [0m] Stopped target Swap.
         Deactivating swap /swapdir/swapfile...
[[0;32m  OK  [0m] Stopped Network Service.
[[0;32m  OK  [0m] Stopped Apply Kernel Variables.
[[0;32m  OK  [0m] Stopped Load Kernel Modules.
[[0;32m  OK  [0m] Stopped target Network (Pre).
[[0;32m  OK  [0m] Stopped Initial cloud-init job (pre-networking).
[[0;32m  OK  [0m] Stopped Monitoring of LVM2 mirrors,â€¦sing dmeventd or progress polling.
         Stopping LVM2 metadata daemon...
[[0;32m  OK  [0m] Stopped LVM2 metadata daemon.
[[0;32m  OK  [0m] Deactivated swap /swapdir/swapfile.
[[0;32m  OK  [0m] Reached target Unmount All Filesystems.
[[0;32m  OK  [0m] Stopped Remount Root and Kernel File Systems.
[[0;32m  OK  [0m] Reached target Shutdown.
[[0;32m  OK  [0m] Reached target Final Step.
         Starting Power-Off...
[ 1859.723042] reboot: Power down
